Archive member included to satisfy reference by file (symbol)

/home/sarthak/.config/Code/User/globalStorage/bmd.stm32-for-vscode/@xpack-dev-tools/arm-none-eabi-gcc/13.2.1-1.1.1/.content/bin/../lib/gcc/arm-none-eabi/13.2.1/../../../../arm-none-eabi/lib/thumb/v7-m/nofp/libc_nano.a(libc_a-atexit.o)
                              /home/sarthak/.config/Code/User/globalStorage/bmd.stm32-for-vscode/@xpack-dev-tools/arm-none-eabi-gcc/13.2.1-1.1.1/.content/bin/../lib/gcc/arm-none-eabi/13.2.1/../../../../arm-none-eabi/lib/thumb/v7-m/nofp/crt0.o (atexit)
/home/sarthak/.config/Code/User/globalStorage/bmd.stm32-for-vscode/@xpack-dev-tools/arm-none-eabi-gcc/13.2.1-1.1.1/.content/bin/../lib/gcc/arm-none-eabi/13.2.1/../../../../arm-none-eabi/lib/thumb/v7-m/nofp/libc_nano.a(libc_a-exit.o)
                              /home/sarthak/.config/Code/User/globalStorage/bmd.stm32-for-vscode/@xpack-dev-tools/arm-none-eabi-gcc/13.2.1-1.1.1/.content/bin/../lib/gcc/arm-none-eabi/13.2.1/../../../../arm-none-eabi/lib/thumb/v7-m/nofp/crt0.o (exit)
/home/sarthak/.config/Code/User/globalStorage/bmd.stm32-for-vscode/@xpack-dev-tools/arm-none-eabi-gcc/13.2.1-1.1.1/.content/bin/../lib/gcc/arm-none-eabi/13.2.1/../../../../arm-none-eabi/lib/thumb/v7-m/nofp/libc_nano.a(libc_a-findfp.o)
                              /home/sarthak/.config/Code/User/globalStorage/bmd.stm32-for-vscode/@xpack-dev-tools/arm-none-eabi-gcc/13.2.1-1.1.1/.content/bin/../lib/gcc/arm-none-eabi/13.2.1/../../../../arm-none-eabi/lib/thumb/v7-m/nofp/libc_nano.a(libc_a-exit.o) (__stdio_exit_handler)
/home/sarthak/.config/Code/User/globalStorage/bmd.stm32-for-vscode/@xpack-dev-tools/arm-none-eabi-gcc/13.2.1-1.1.1/.content/bin/../lib/gcc/arm-none-eabi/13.2.1/../../../../arm-none-eabi/lib/thumb/v7-m/nofp/libc_nano.a(libc_a-fwalk.o)
                              /home/sarthak/.config/Code/User/globalStorage/bmd.stm32-for-vscode/@xpack-dev-tools/arm-none-eabi-gcc/13.2.1-1.1.1/.content/bin/../lib/gcc/arm-none-eabi/13.2.1/../../../../arm-none-eabi/lib/thumb/v7-m/nofp/libc_nano.a(libc_a-findfp.o) (_fwalk_sglue)
/home/sarthak/.config/Code/User/globalStorage/bmd.stm32-for-vscode/@xpack-dev-tools/arm-none-eabi-gcc/13.2.1-1.1.1/.content/bin/../lib/gcc/arm-none-eabi/13.2.1/../../../../arm-none-eabi/lib/thumb/v7-m/nofp/libc_nano.a(libc_a-snprintf.o)
                              build/debug/Core/Src/main.o (snprintf)
/home/sarthak/.config/Code/User/globalStorage/bmd.stm32-for-vscode/@xpack-dev-tools/arm-none-eabi-gcc/13.2.1-1.1.1/.content/bin/../lib/gcc/arm-none-eabi/13.2.1/../../../../arm-none-eabi/lib/thumb/v7-m/nofp/libc_nano.a(libc_a-stdio.o)
                              /home/sarthak/.config/Code/User/globalStorage/bmd.stm32-for-vscode/@xpack-dev-tools/arm-none-eabi-gcc/13.2.1-1.1.1/.content/bin/../lib/gcc/arm-none-eabi/13.2.1/../../../../arm-none-eabi/lib/thumb/v7-m/nofp/libc_nano.a(libc_a-findfp.o) (__sread)
/home/sarthak/.config/Code/User/globalStorage/bmd.stm32-for-vscode/@xpack-dev-tools/arm-none-eabi-gcc/13.2.1-1.1.1/.content/bin/../lib/gcc/arm-none-eabi/13.2.1/../../../../arm-none-eabi/lib/thumb/v7-m/nofp/libc_nano.a(libc_a-memset.o)
                              /home/sarthak/.config/Code/User/globalStorage/bmd.stm32-for-vscode/@xpack-dev-tools/arm-none-eabi-gcc/13.2.1-1.1.1/.content/bin/../lib/gcc/arm-none-eabi/13.2.1/../../../../arm-none-eabi/lib/thumb/v7-m/nofp/crt0.o (memset)
/home/sarthak/.config/Code/User/globalStorage/bmd.stm32-for-vscode/@xpack-dev-tools/arm-none-eabi-gcc/13.2.1-1.1.1/.content/bin/../lib/gcc/arm-none-eabi/13.2.1/../../../../arm-none-eabi/lib/thumb/v7-m/nofp/libc_nano.a(libc_a-closer.o)
                              /home/sarthak/.config/Code/User/globalStorage/bmd.stm32-for-vscode/@xpack-dev-tools/arm-none-eabi-gcc/13.2.1-1.1.1/.content/bin/../lib/gcc/arm-none-eabi/13.2.1/../../../../arm-none-eabi/lib/thumb/v7-m/nofp/libc_nano.a(libc_a-stdio.o) (_close_r)
/home/sarthak/.config/Code/User/globalStorage/bmd.stm32-for-vscode/@xpack-dev-tools/arm-none-eabi-gcc/13.2.1-1.1.1/.content/bin/../lib/gcc/arm-none-eabi/13.2.1/../../../../arm-none-eabi/lib/thumb/v7-m/nofp/libc_nano.a(libc_a-reent.o)
                              /home/sarthak/.config/Code/User/globalStorage/bmd.stm32-for-vscode/@xpack-dev-tools/arm-none-eabi-gcc/13.2.1-1.1.1/.content/bin/../lib/gcc/arm-none-eabi/13.2.1/../../../../arm-none-eabi/lib/thumb/v7-m/nofp/libc_nano.a(libc_a-closer.o) (errno)
/home/sarthak/.config/Code/User/globalStorage/bmd.stm32-for-vscode/@xpack-dev-tools/arm-none-eabi-gcc/13.2.1-1.1.1/.content/bin/../lib/gcc/arm-none-eabi/13.2.1/../../../../arm-none-eabi/lib/thumb/v7-m/nofp/libc_nano.a(libc_a-impure.o)
                              /home/sarthak/.config/Code/User/globalStorage/bmd.stm32-for-vscode/@xpack-dev-tools/arm-none-eabi-gcc/13.2.1-1.1.1/.content/bin/../lib/gcc/arm-none-eabi/13.2.1/../../../../arm-none-eabi/lib/thumb/v7-m/nofp/libc_nano.a(libc_a-snprintf.o) (_impure_ptr)
[...]
Memory Configuration

Name             Origin             Length             Attributes
RAM              0x20000000         0x00005000         xrw
FLASH            0x08000000         0x00010000         xr
*default*        0x00000000         0xffffffff

Linker script and memory map

LOAD /home/sarthak/.config/Code/User/globalStorage/bmd.stm32-for-vscode/@xpack-dev-tools/arm-none-eabi-gcc/13.2.1-1.1.1/.content/bin/../lib/gcc/arm-none-eabi/13.2.1/thumb/v7-m/nofp/crti.o
LOAD /home/sarthak/.config/Code/User/globalStorage/bmd.stm32-for-vscode/@xpack-dev-tools/arm-none-eabi-gcc/13.2.1-1.1.1/.content/bin/../lib/gcc/arm-none-eabi/13.2.1/thumb/v7-m/nofp/crtbegin.o
LOAD /home/sarthak/.config/Code/User/globalStorage/bmd.stm32-for-vscode/@xpack-dev-tools/arm-none-eabi-gcc/13.2.1-1.1.1/.content/bin/../lib/gcc/arm-none-eabi/13.2.1/../../../../arm-none-eabi/lib/thumb/v7-m/nofp/crt0.o
LOAD build/debug/Core/Src/gpio.o
LOAD build/debug/Core/Src/i2c.o
LOAD build/debug/Core/Src/main.o
LOAD build/debug/Core/Src/stm32f1xx_hal_msp.o
LOAD build/debug/Core/Src/stm32f1xx_it.o
LOAD build/debug/Core/Src/syscalls.o
LOAD build/debug/Core/Src/sysmem.o
LOAD build/debug/Core/Src/system_stm32f1xx.o
LOAD build/debug/Core/Src/usart.o
LOAD build/debug/Drivers/STM32F1xx_HAL_Driver/Src/stm32f1xx_hal.o
LOAD build/debug/Drivers/STM32F1xx_HAL_Driver/Src/stm32f1xx_hal_cortex.o
LOAD build/debug/Drivers/STM32F1xx_HAL_Driver/Src/stm32f1xx_hal_dma.o
LOAD build/debug/Drivers/STM32F1xx_HAL_Driver/Src/stm32f1xx_hal_exti.o
LOAD build/debug/Drivers/STM32F1xx_HAL_Driver/Src/stm32f1xx_hal_flash.o
LOAD build/debug/Drivers/STM32F1xx_HAL_Driver/Src/stm32f1xx_hal_flash_ex.o
LOAD build/debug/Drivers/STM32F1xx_HAL_Driver/Src/stm32f1xx_hal_gpio.o
LOAD build/debug/Drivers/STM32F1xx_HAL_Driver/Src/stm32f1xx_hal_gpio_ex.o
LOAD build/debug/Drivers/STM32F1xx_HAL_Driver/Src/stm32f1xx_hal_i2c.o
LOAD build/debug/Drivers/STM32F1xx_HAL_Driver/Src/stm32f1xx_hal_pwr.o
LOAD build/debug/Drivers/STM32F1xx_HAL_Driver/Src/stm32f1xx_hal_rcc.o
LOAD build/debug/Drivers/STM32F1xx_HAL_Driver/Src/stm32f1xx_hal_rcc_ex.o
LOAD build/debug/Drivers/STM32F1xx_HAL_Driver/Src/stm32f1xx_hal_tim.o
LOAD build/debug/Drivers/STM32F1xx_HAL_Driver/Src/stm32f1xx_hal_tim_ex.o
LOAD build/debug/Drivers/STM32F1xx_HAL_Driver/Src/stm32f1xx_hal_uart.o
LOAD build/debug/startup_stm32f103xb.o
LOAD /home/sarthak/.config/Code/User/globalStorage/bmd.stm32-for-vscode/@xpack-dev-tools/arm-none-eabi-gcc/13.2.1-1.1.1/.content/bin/../lib/gcc/arm-none-eabi/13.2.1/../../../../arm-none-eabi/lib/thumb/v7-m/nofp/libc_nano.a
LOAD /home/sarthak/.config/Code/User/globalStorage/bmd.stm32-for-vscode/@xpack-dev-tools/arm-none-eabi-gcc/13.2.1-1.1.1/.content/bin/../lib/gcc/arm-none-eabi/13.2.1/../../../../arm-none-eabi/lib/thumb/v7-m/nofp/libm.a
LOAD /home/sarthak/.config/Code/User/globalStorage/bmd.stm32-for-vscode/@xpack-dev-tools/arm-none-eabi-gcc/13.2.1-1.1.1/.content/bin/../lib/gcc/arm-none-eabi/13.2.1/../../../../arm-none-eabi/lib/thumb/v7-m/nofp/libnosys.a
START GROUP
LOAD /home/sarthak/.config/Code/User/globalStorage/bmd.stm32-for-vscode/@xpack-dev-tools/arm-none-eabi-gcc/13.2.1-1.1.1/.content/bin/../lib/gcc/arm-none-eabi/13.2.1/thumb/v7-m/nofp/libgcc.a
LOAD /home/sarthak/.config/Code/User/globalStorage/bmd.stm32-for-vscode/@xpack-dev-tools/arm-none-eabi-gcc/13.2.1-1.1.1/.content/bin/../lib/gcc/arm-none-eabi/13.2.1/../../../../arm-none-eabi/lib/thumb/v7-m/nofp/libc_nano.a
END GROUP
START GROUP
LOAD /home/sarthak/.config/Code/User/globalStorage/bmd.stm32-for-vscode/@xpack-dev-tools/arm-none-eabi-gcc/13.2.1-1.1.1/.content/bin/../lib/gcc/arm-none-eabi/13.2.1/thumb/v7-m/nofp/libgcc.a
LOAD /home/sarthak/.config/Code/User/globalStorage/bmd.stm32-for-vscode/@xpack-dev-tools/arm-none-eabi-gcc/13.2.1-1.1.1/.content/bin/../lib/gcc/arm-none-eabi/13.2.1/../../../../arm-none-eabi/lib/thumb/v7-m/nofp/libc_nano.a
END GROUP
LOAD /home/sarthak/.config/Code/User/globalStorage/bmd.stm32-for-vscode/@xpack-dev-tools/arm-none-eabi-gcc/13.2.1-1.1.1/.content/bin/../lib/gcc/arm-none-eabi/13.2.1/thumb/v7-m/nofp/crtend.o
LOAD /home/sarthak/.config/Code/User/globalStorage/bmd.stm32-for-vscode/@xpack-dev-tools/arm-none-eabi-gcc/13.2.1-1.1.1/.content/bin/../lib/gcc/arm-none-eabi/13.2.1/thumb/v7-m/nofp/crtn.o
                0x20005000                        _estack = (ORIGIN (RAM) + LENGTH (RAM))
                0x00000200                        _Min_Heap_Size = 0x200
                0x00000400                        _Min_Stack_Size = 0x400

.isr_vector     0x08000000      0x10c
                0x08000000                        . = ALIGN (0x4)
 *(.isr_vector)
 .isr_vector    0x08000000      0x10c build/debug/startup_stm32f103xb.o
                0x08000000                g_pfnVectors
                0x0800010c                        . = ALIGN (0x4)

.text           0x0800010c     0x29fc
                0x0800010c                        . = ALIGN (0x4)
 *(.text)
 .text          0x0800010c       0x10 /home/sarthak/.config/Code/User/globalStorage/bmd.stm32-for-vscode/@xpack-dev-tools/arm-none-eabi-gcc/13.2.1-1.1.1/.content/bin/../lib/gcc/arm-none-eabi/13.2.1/../../../../arm-none-eabi/lib/thumb/v7-m/nofp/libc_nano.a(libc_a-strlen.o)
                0x0800010c                strlen
 .text          0x0800011c      0x254 /home/sarthak/.config/Code/User/globalStorage/bmd.stm32-for-vscode/@xpack-dev-tools/arm-none-eabi-gcc/13.2.1-1.1.1/.content/bin/../lib/gcc/arm-none-eabi/13.2.1/thumb/v7-m/nofp/libgcc.a(_arm_muldf3.o)
                0x0800011c                __aeabi_dmul
                0x0800011c                __muldf3
 .text          0x08000370      0x378 /home/sarthak/.config/Code/User/globalStorage/bmd.stm32-for-vscode/@xpack-dev-tools/arm-none-eabi-gcc/13.2.1-1.1.1/.content/bin/../lib/gcc/arm-none-eabi/13.2.1/thumb/v7-m/nofp/libgcc.a(_arm_addsubdf3.o)
                0x08000370                __aeabi_drsub
                0x08000378                __aeabi_dsub
                0x08000378                __subdf3
                0x0800037c                __adddf3
                0x0800037c                __aeabi_dadd
                0x080005f4                __aeabi_ui2d
                0x080005f4                __floatunsidf
                0x08000614                __floatsidf
                0x08000614                __aeabi_i2d
                0x08000638                __extendsfdf2
                0x08000638                __aeabi_f2d
                0x0800067c                __aeabi_ul2d
                0x0800067c                __floatundidf
                0x0800068c                __floatdidf
                0x0800068c                __aeabi_l2d
 .text          0x080006e8       0xa0 /home/sarthak/.config/Code/User/globalStorage/bmd.stm32-for-vscode/@xpack-dev-tools/arm-none-eabi-gcc/13.2.1-1.1.1/.content/bin/../lib/gcc/arm-none-eabi/13.2.1/thumb/v7-m/nofp/libgcc.a(_arm_truncdfsf2.o)
                0x080006e8                __aeabi_d2f
                0x080006e8                __truncdfsf2
 .text          0x08000788       0x4c /home/sarthak/.config/Code/User/globalStorage/bmd.stm32-for-vscode/@xpack-dev-tools/arm-none-eabi-gcc/13.2.1-1.1.1/.content/bin/../lib/gcc/arm-none-eabi/13.2.1/thumb/v7-m/nofp/libgcc.a(_arm_fixsfsi.o)
                0x08000788                __fixsfsi
                0x08000788                __aeabi_f2iz
 *(.text*)
 .text.__do_global_dtors_aux
                0x080007d4       0x24 /home/sarthak/.config/Code/User/globalStorage/bmd.stm32-for-vscode/@xpack-dev-tools/arm-none-eabi-gcc/13.2.1-1.1.1/.content/bin/../lib/gcc/arm-none-eabi/13.2.1/thumb/v7-m/nofp/crtbegin.o
 .text.frame_dummy
                0x080007f8       0x1c /home/sarthak/.config/Code/User/globalStorage/bmd.stm32-for-vscode/@xpack-dev-tools/arm-none-eabi-gcc/13.2.1-1.1.1/.content/bin/../lib/gcc/arm-none-eabi/13.2.1/thumb/v7-m/nofp/crtbegin.o
 .text.MX_GPIO_Init
                0x08000814       0x44 build/debug/Core/Src/gpio.o
                0x08000814                MX_GPIO_Init
 .text.MX_I2C1_Init
                0x08000858       0x3c build/debug/Core/Src/i2c.o
                0x08000858                MX_I2C1_Init
 .text.HAL_I2C_MspInit
                0x08000894       0x78 build/debug/Core/Src/i2c.o
                0x08000894                HAL_I2C_MspInit
 .text.Error_Handler
                0x0800090c        0x4 build/debug/Core/Src/main.o
                0x0800090c                Error_Handler
 .text.SystemClock_Config
                0x08000910       0x52 build/debug/Core/Src/main.o
                0x08000910                SystemClock_Config
 *fill*         0x08000962        0x2 
 .text.main     0x08000964       0xcc build/debug/Core/Src/main.o
                0x08000964                main
 .text.HAL_MspInit
                0x08000a30       0x44 build/debug/Core/Src/stm32f1xx_hal_msp.o
                0x08000a30                HAL_MspInit
 .text.NMI_Handler
                0x08000a74        0x2 build/debug/Core/Src/stm32f1xx_it.o
                0x08000a74                NMI_Handler
 .text.HardFault_Handler
                0x08000a76        0x2 build/debug/Core/Src/stm32f1xx_it.o
                0x08000a76                HardFault_Handler
 .text.MemManage_Handler
                0x08000a78        0x2 build/debug/Core/Src/stm32f1xx_it.o
                0x08000a78                MemManage_Handler
 .text.BusFault_Handler
                0x08000a7a        0x2 build/debug/Core/Src/stm32f1xx_it.o
                0x08000a7a                BusFault_Handler
 .text.UsageFault_Handler
                0x08000a7c        0x2 build/debug/Core/Src/stm32f1xx_it.o
                0x08000a7c                UsageFault_Handler
 .text.SVC_Handler
                0x08000a7e        0x2 build/debug/Core/Src/stm32f1xx_it.o
                0x08000a7e                SVC_Handler
 .text.DebugMon_Handler
                0x08000a80        0x2 build/debug/Core/Src/stm32f1xx_it.o
                0x08000a80                DebugMon_Handler
 .text.PendSV_Handler
                0x08000a82        0x2 build/debug/Core/Src/stm32f1xx_it.o
                0x08000a82                PendSV_Handler
 .text.SysTick_Handler
                0x08000a84        0x8 build/debug/Core/Src/stm32f1xx_it.o
                0x08000a84                SysTick_Handler
 .text._sbrk    0x08000a8c       0x48 build/debug/Core/Src/sysmem.o
                0x08000a8c                _sbrk
 .text.SystemInit
                0x08000ad4        0x2 build/debug/Core/Src/system_stm32f1xx.o
                0x08000ad4                SystemInit
 *fill*         0x08000ad6        0x2 
 .text.MX_USART1_UART_Init
                0x08000ad8       0x34 build/debug/Core/Src/usart.o
                0x08000ad8                MX_USART1_UART_Init
 .text.HAL_UART_MspInit
                0x08000b0c       0x88 build/debug/Core/Src/usart.o
                0x08000b0c                HAL_UART_MspInit
 .text.HAL_InitTick
                0x08000b94       0x4c build/debug/Drivers/STM32F1xx_HAL_Driver/Src/stm32f1xx_hal.o
                0x08000b94                HAL_InitTick
 .text.HAL_Init
                0x08000be0       0x24 build/debug/Drivers/STM32F1xx_HAL_Driver/Src/stm32f1xx_hal.o
                0x08000be0                HAL_Init
 .text.HAL_IncTick
                0x08000c04       0x18 build/debug/Drivers/STM32F1xx_HAL_Driver/Src/stm32f1xx_hal.o
                0x08000c04                HAL_IncTick
 .text.HAL_GetTick
                0x08000c1c        0xc build/debug/Drivers/STM32F1xx_HAL_Driver/Src/stm32f1xx_hal.o
                0x08000c1c                HAL_GetTick
 .text.HAL_Delay
                0x08000c28       0x28 build/debug/Drivers/STM32F1xx_HAL_Driver/Src/stm32f1xx_hal.o
                0x08000c28                HAL_Delay
 .text.__NVIC_SetPriority
                0x08000c50       0x28 build/debug/Drivers/STM32F1xx_HAL_Driver/Src/stm32f1xx_hal_cortex.o
 .text.NVIC_EncodePriority
                0x08000c78       0x3e build/debug/Drivers/STM32F1xx_HAL_Driver/Src/stm32f1xx_hal_cortex.o
 *fill*         0x08000cb6        0x2 
 .text.HAL_NVIC_SetPriorityGrouping
                0x08000cb8       0x24 build/debug/Drivers/STM32F1xx_HAL_Driver/Src/stm32f1xx_hal_cortex.o
                0x08000cb8                HAL_NVIC_SetPriorityGrouping
 .text.HAL_NVIC_SetPriority
                0x08000cdc       0x20 build/debug/Drivers/STM32F1xx_HAL_Driver/Src/stm32f1xx_hal_cortex.o
                0x08000cdc                HAL_NVIC_SetPriority
 .text.HAL_SYSTICK_Config
                0x08000cfc       0x28 build/debug/Drivers/STM32F1xx_HAL_Driver/Src/stm32f1xx_hal_cortex.o
                0x08000cfc                HAL_SYSTICK_Config
 .text.HAL_GPIO_Init
                0x08000d24      0x21c build/debug/Drivers/STM32F1xx_HAL_Driver/Src/stm32f1xx_hal_gpio.o
                0x08000d24                HAL_GPIO_Init
 .text.I2C_IsAcknowledgeFailed
                0x08000f40       0x32 build/debug/Drivers/STM32F1xx_HAL_Driver/Src/stm32f1xx_hal_i2c.o
 .text.I2C_WaitOnFlagUntilTimeout
                0x08000f72       0xaa build/debug/Drivers/STM32F1xx_HAL_Driver/Src/stm32f1xx_hal_i2c.o
 .text.I2C_WaitOnMasterAddressFlagUntilTimeout
                0x0800101c       0xd6 build/debug/Drivers/STM32F1xx_HAL_Driver/Src/stm32f1xx_hal_i2c.o
 .text.I2C_WaitOnTXEFlagUntilTimeout
                0x080010f2       0x5e build/debug/Drivers/STM32F1xx_HAL_Driver/Src/stm32f1xx_hal_i2c.o
 .text.I2C_RequestMemoryRead
                0x08001150      0x154 build/debug/Drivers/STM32F1xx_HAL_Driver/Src/stm32f1xx_hal_i2c.o
 .text.I2C_WaitOnRXNEFlagUntilTimeout
                0x080012a4       0x78 build/debug/Drivers/STM32F1xx_HAL_Driver/Src/stm32f1xx_hal_i2c.o
 .text.HAL_I2C_Init
                0x0800131c      0x1bc build/debug/Drivers/STM32F1xx_HAL_Driver/Src/stm32f1xx_hal_i2c.o
                0x0800131c                HAL_I2C_Init
 .text.HAL_I2C_Mem_Read
                0x080014d8      0x35c build/debug/Drivers/STM32F1xx_HAL_Driver/Src/stm32f1xx_hal_i2c.o
                0x080014d8                HAL_I2C_Mem_Read
 .text.RCC_Delay
                0x08001834       0x2c build/debug/Drivers/STM32F1xx_HAL_Driver/Src/stm32f1xx_hal_rcc.o
 .text.HAL_RCC_OscConfig
                0x08001860      0x410 build/debug/Drivers/STM32F1xx_HAL_Driver/Src/stm32f1xx_hal_rcc.o
                0x08001860                HAL_RCC_OscConfig
 .text.HAL_RCC_GetSysClockFreq
                0x08001c70       0x54 build/debug/Drivers/STM32F1xx_HAL_Driver/Src/stm32f1xx_hal_rcc.o
                0x08001c70                HAL_RCC_GetSysClockFreq
 .text.HAL_RCC_ClockConfig
                0x08001cc4      0x16c build/debug/Drivers/STM32F1xx_HAL_Driver/Src/stm32f1xx_hal_rcc.o
                0x08001cc4                HAL_RCC_ClockConfig
 .text.HAL_RCC_GetHCLKFreq
                0x08001e30        0xc build/debug/Drivers/STM32F1xx_HAL_Driver/Src/stm32f1xx_hal_rcc.o
                0x08001e30                HAL_RCC_GetHCLKFreq
 .text.HAL_RCC_GetPCLK1Freq
                0x08001e3c       0x20 build/debug/Drivers/STM32F1xx_HAL_Driver/Src/stm32f1xx_hal_rcc.o
                0x08001e3c                HAL_RCC_GetPCLK1Freq
 .text.HAL_RCC_GetPCLK2Freq
                0x08001e5c       0x20 build/debug/Drivers/STM32F1xx_HAL_Driver/Src/stm32f1xx_hal_rcc.o
                0x08001e5c                HAL_RCC_GetPCLK2Freq
 .text.UART_EndRxTransfer
                0x08001e7c       0x5c build/debug/Drivers/STM32F1xx_HAL_Driver/Src/stm32f1xx_hal_uart.o
 .text.UART_SetConfig
                0x08001ed8       0x94 build/debug/Drivers/STM32F1xx_HAL_Driver/Src/stm32f1xx_hal_uart.o
 .text.UART_WaitOnFlagUntilTimeout
                0x08001f6c       0x86 build/debug/Drivers/STM32F1xx_HAL_Driver/Src/stm32f1xx_hal_uart.o
 .text.HAL_UART_Init
                0x08001ff2       0x60 build/debug/Drivers/STM32F1xx_HAL_Driver/Src/stm32f1xx_hal_uart.o
                0x08001ff2                HAL_UART_Init
 .text.HAL_UART_Transmit
                0x08002052       0xcc build/debug/Drivers/STM32F1xx_HAL_Driver/Src/stm32f1xx_hal_uart.o
                0x08002052                HAL_UART_Transmit
 *fill*         0x0800211e        0x2 
 .text.Reset_Handler
                0x08002120       0x48 build/debug/startup_stm32f103xb.o
                0x08002120                Reset_Handler
 .text.Default_Handler
                0x08002168        0x2 build/debug/startup_stm32f103xb.o
                0x08002168                RTC_Alarm_IRQHandler
                0x08002168                EXTI2_IRQHandler
                0x08002168                TIM1_CC_IRQHandler
                0x08002168                PVD_IRQHandler
                0x08002168                EXTI3_IRQHandler
                0x08002168                EXTI0_IRQHandler
                0x08002168                I2C2_EV_IRQHandler
                0x08002168                ADC1_2_IRQHandler
                0x08002168                SPI1_IRQHandler
                0x08002168                TAMPER_IRQHandler
                0x08002168                DMA1_Channel4_IRQHandler
                0x08002168                USART3_IRQHandler
                0x08002168                RTC_IRQHandler
                0x08002168                DMA1_Channel7_IRQHandler
                0x08002168                CAN1_RX1_IRQHandler
                0x08002168                TIM4_IRQHandler
                0x08002168                I2C1_EV_IRQHandler
                0x08002168                DMA1_Channel6_IRQHandler
                0x08002168                TIM3_IRQHandler
                0x08002168                RCC_IRQHandler
                0x08002168                TIM1_TRG_COM_IRQHandler
                0x08002168                DMA1_Channel1_IRQHandler
                0x08002168                Default_Handler
                0x08002168                EXTI15_10_IRQHandler
                0x08002168                EXTI9_5_IRQHandler
                0x08002168                SPI2_IRQHandler
                0x08002168                DMA1_Channel5_IRQHandler
                0x08002168                EXTI4_IRQHandler
                0x08002168                USB_LP_CAN1_RX0_IRQHandler
                0x08002168                USB_HP_CAN1_TX_IRQHandler
                0x08002168                DMA1_Channel3_IRQHandler
                0x08002168                TIM1_UP_IRQHandler
                0x08002168                WWDG_IRQHandler
                0x08002168                TIM2_IRQHandler
                0x08002168                TIM1_BRK_IRQHandler
                0x08002168                EXTI1_IRQHandler
                0x08002168                USART2_IRQHandler
                0x08002168                I2C2_ER_IRQHandler
                0x08002168                DMA1_Channel2_IRQHandler
                0x08002168                CAN1_SCE_IRQHandler
                0x08002168                FLASH_IRQHandler
                0x08002168                USART1_IRQHandler
                0x08002168                I2C1_ER_IRQHandler
                0x08002168                USBWakeUp_IRQHandler
 *fill*         0x0800216a        0x2 
 .text.snprintf
                0x0800216c       0x68 /home/sarthak/.config/Code/User/globalStorage/bmd.stm32-for-vscode/@xpack-dev-tools/arm-none-eabi-gcc/13.2.1-1.1.1/.content/bin/../lib/gcc/arm-none-eabi/13.2.1/../../../../arm-none-eabi/lib/thumb/v7-m/nofp/libc_nano.a(libc_a-snprintf.o)
                0x0800216c                snprintf
                0x0800216c                sniprintf
 .text.memset   0x080021d4       0x10 /home/sarthak/.config/Code/User/globalStorage/bmd.stm32-for-vscode/@xpack-dev-tools/arm-none-eabi-gcc/13.2.1-1.1.1/.content/bin/../lib/gcc/arm-none-eabi/13.2.1/../../../../arm-none-eabi/lib/thumb/v7-m/nofp/libc_nano.a(libc_a-memset.o)
                0x080021d4                memset
 .text.__errno  0x080021e4        0xc /home/sarthak/.config/Code/User/globalStorage/bmd.stm32-for-vscode/@xpack-dev-tools/arm-none-eabi-gcc/13.2.1-1.1.1/.content/bin/../lib/gcc/arm-none-eabi/13.2.1/../../../../arm-none-eabi/lib/thumb/v7-m/nofp/libc_nano.a(libc_a-errno.o)
                0x080021e4                __errno
 .text.__libc_init_array
                0x080021f0       0x48 /home/sarthak/.config/Code/User/globalStorage/bmd.stm32-for-vscode/@xpack-dev-tools/arm-none-eabi-gcc/13.2.1-1.1.1/.content/bin/../lib/gcc/arm-none-eabi/13.2.1/../../../../arm-none-eabi/lib/thumb/v7-m/nofp/libc_nano.a(libc_a-init.o)
                0x080021f0                __libc_init_array
 .text.__retarget_lock_acquire_recursive
                0x08002238        0x2 /home/sarthak/.config/Code/User/globalStorage/bmd.stm32-for-vscode/@xpack-dev-tools/arm-none-eabi-gcc/13.2.1-1.1.1/.content/bin/../lib/gcc/arm-none-eabi/13.2.1/../../../../arm-none-eabi/lib/thumb/v7-m/nofp/libc_nano.a(libc_a-lock.o)
                0x08002238                __retarget_lock_acquire_recursive
 .text.__retarget_lock_release_recursive
                0x0800223a        0x2 /home/sarthak/.config/Code/User/globalStorage/bmd.stm32-for-vscode/@xpack-dev-tools/arm-none-eabi-gcc/13.2.1-1.1.1/.content/bin/../lib/gcc/arm-none-eabi/13.2.1/../../../../arm-none-eabi/lib/thumb/v7-m/nofp/libc_nano.a(libc_a-lock.o)
                0x0800223a                __retarget_lock_release_recursive
 .text._free_r  0x0800223c       0x90 /home/sarthak/.config/Code/User/globalStorage/bmd.stm32-for-vscode/@xpack-dev-tools/arm-none-eabi-gcc/13.2.1-1.1.1/.content/bin/../lib/gcc/arm-none-eabi/13.2.1/../../../../arm-none-eabi/lib/thumb/v7-m/nofp/libc_nano.a(libc_a-freer.o)
                0x0800223c                _free_r
 .text.sbrk_aligned
                0x080022cc       0x44 /home/sarthak/.config/Code/User/globalStorage/bmd.stm32-for-vscode/@xpack-dev-tools/arm-none-eabi-gcc/13.2.1-1.1.1/.content/bin/../lib/gcc/arm-none-eabi/13.2.1/../../../../arm-none-eabi/lib/thumb/v7-m/nofp/libc_nano.a(libc_a-mallocr.o)
 .text._malloc_r
                0x08002310      0x100 /home/sarthak/.config/Code/User/globalStorage/bmd.stm32-for-vscode/@xpack-dev-tools/arm-none-eabi-gcc/13.2.1-1.1.1/.content/bin/../lib/gcc/arm-none-eabi/13.2.1/../../../../arm-none-eabi/lib/thumb/v7-m/nofp/libc_nano.a(libc_a-mallocr.o)
                0x08002310                _malloc_r
 .text.__malloc_lock
                0x08002410        0xc /home/sarthak/.config/Code/User/globalStorage/bmd.stm32-for-vscode/@xpack-dev-tools/arm-none-eabi-gcc/13.2.1-1.1.1/.content/bin/../lib/gcc/arm-none-eabi/13.2.1/../../../../arm-none-eabi/lib/thumb/v7-m/nofp/libc_nano.a(libc_a-mlock.o)
                0x08002410                __malloc_lock
 .text.__malloc_unlock
                0x0800241c        0xc /home/sarthak/.config/Code/User/globalStorage/bmd.stm32-for-vscode/@xpack-dev-tools/arm-none-eabi-gcc/13.2.1-1.1.1/.content/bin/../lib/gcc/arm-none-eabi/13.2.1/../../../../arm-none-eabi/lib/thumb/v7-m/nofp/libc_nano.a(libc_a-mlock.o)
                0x0800241c                __malloc_unlock
 .text.__ssputs_r
                0x08002428       0xb6 /home/sarthak/.config/Code/User/globalStorage/bmd.stm32-for-vscode/@xpack-dev-tools/arm-none-eabi-gcc/13.2.1-1.1.1/.content/bin/../lib/gcc/arm-none-eabi/13.2.1/../../../../arm-none-eabi/lib/thumb/v7-m/nofp/libc_nano.a(libc_a-nano-svfprintf.o)
                0x08002428                __ssputs_r
 *fill*         0x080024de        0x2 
 .text._svfprintf_r
                0x080024e0      0x1f8 /home/sarthak/.config/Code/User/globalStorage/bmd.stm32-for-vscode/@xpack-dev-tools/arm-none-eabi-gcc/13.2.1-1.1.1/.content/bin/../lib/gcc/arm-none-eabi/13.2.1/../../../../arm-none-eabi/lib/thumb/v7-m/nofp/libc_nano.a(libc_a-nano-svfprintf.o)
                0x080024e0                _svfprintf_r
                0x080024e0                _svfiprintf_r
 .text._printf_common
                0x080026d8       0xe4 /home/sarthak/.config/Code/User/globalStorage/bmd.stm32-for-vscode/@xpack-dev-tools/arm-none-eabi-gcc/13.2.1-1.1.1/.content/bin/../lib/gcc/arm-none-eabi/13.2.1/../../../../arm-none-eabi/lib/thumb/v7-m/nofp/libc_nano.a(libc_a-nano-vfprintf_i.o)
                0x080026d8                _printf_common
 .text._printf_i
                0x080027bc      0x23c /home/sarthak/.config/Code/User/globalStorage/bmd.stm32-for-vscode/@xpack-dev-tools/arm-none-eabi-gcc/13.2.1-1.1.1/.content/bin/../lib/gcc/arm-none-eabi/13.2.1/../../../../arm-none-eabi/lib/thumb/v7-m/nofp/libc_nano.a(libc_a-nano-vfprintf_i.o)
                0x080027bc                _printf_i
 .text.memmove  0x080029f8       0x34 /home/sarthak/.config/Code/User/globalStorage/bmd.stm32-for-vscode/@xpack-dev-tools/arm-none-eabi-gcc/13.2.1-1.1.1/.content/bin/../lib/gcc/arm-none-eabi/13.2.1/../../../../arm-none-eabi/lib/thumb/v7-m/nofp/libc_nano.a(libc_a-memmove.o)
                0x080029f8                memmove
 .text._sbrk_r  0x08002a2c       0x20 /home/sarthak/.config/Code/User/globalStorage/bmd.stm32-for-vscode/@xpack-dev-tools/arm-none-eabi-gcc/13.2.1-1.1.1/.content/bin/../lib/gcc/arm-none-eabi/13.2.1/../../../../arm-none-eabi/lib/thumb/v7-m/nofp/libc_nano.a(libc_a-sbrkr.o)
                0x08002a2c                _sbrk_r
 .text.memchr   0x08002a4c       0x1c /home/sarthak/.config/Code/User/globalStorage/bmd.stm32-for-vscode/@xpack-dev-tools/arm-none-eabi-gcc/13.2.1-1.1.1/.content/bin/../lib/gcc/arm-none-eabi/13.2.1/../../../../arm-none-eabi/lib/thumb/v7-m/nofp/libc_nano.a(libc_a-memchr-stub.o)
                0x08002a4c                memchr
 .text.memcpy   0x08002a68       0x1c /home/sarthak/.config/Code/User/globalStorage/bmd.stm32-for-vscode/@xpack-dev-tools/arm-none-eabi-gcc/13.2.1-1.1.1/.content/bin/../lib/gcc/arm-none-eabi/13.2.1/../../../../arm-none-eabi/lib/thumb/v7-m/nofp/libc_nano.a(libc_a-memcpy-stub.o)
                0x08002a68                memcpy
 .text._realloc_r
                0x08002a84       0x5c /home/sarthak/.config/Code/User/globalStorage/bmd.stm32-for-vscode/@xpack-dev-tools/arm-none-eabi-gcc/13.2.1-1.1.1/.content/bin/../lib/gcc/arm-none-eabi/13.2.1/../../../../arm-none-eabi/lib/thumb/v7-m/nofp/libc_nano.a(libc_a-reallocr.o)
                0x08002a84                _realloc_r
 .text._malloc_usable_size_r
                0x08002ae0       0x10 /home/sarthak/.config/Code/User/globalStorage/bmd.stm32-for-vscode/@xpack-dev-tools/arm-none-eabi-gcc/13.2.1-1.1.1/.content/bin/../lib/gcc/arm-none-eabi/13.2.1/../../../../arm-none-eabi/lib/thumb/v7-m/nofp/libc_nano.a(libc_a-msizer.o)
                0x08002ae0                _malloc_usable_size_r
 *(.glue_7)
 .glue_7        0x08002af0        0x0 linker stubs
 *(.glue_7t)
 .glue_7t       0x08002af0        0x0 linker stubs
 *(.eh_frame)
 .eh_frame      0x08002af0        0x0 /home/sarthak/.config/Code/User/globalStorage/bmd.stm32-for-vscode/@xpack-dev-tools/arm-none-eabi-gcc/13.2.1-1.1.1/.content/bin/../lib/gcc/arm-none-eabi/13.2.1/thumb/v7-m/nofp/crtbegin.o
 *(.init)
 .init          0x08002af0        0x4 /home/sarthak/.config/Code/User/globalStorage/bmd.stm32-for-vscode/@xpack-dev-tools/arm-none-eabi-gcc/13.2.1-1.1.1/.content/bin/../lib/gcc/arm-none-eabi/13.2.1/thumb/v7-m/nofp/crti.o
                0x08002af0                _init
 .init          0x08002af4        0x8 /home/sarthak/.config/Code/User/globalStorage/bmd.stm32-for-vscode/@xpack-dev-tools/arm-none-eabi-gcc/13.2.1-1.1.1/.content/bin/../lib/gcc/arm-none-eabi/13.2.1/thumb/v7-m/nofp/crtn.o
 *(.fini)
 .fini          0x08002afc        0x4 /home/sarthak/.config/Code/User/globalStorage/bmd.stm32-for-vscode/@xpack-dev-tools/arm-none-eabi-gcc/13.2.1-1.1.1/.content/bin/../lib/gcc/arm-none-eabi/13.2.1/thumb/v7-m/nofp/crti.o
                0x08002afc                _fini
 .fini          0x08002b00        0x8 /home/sarthak/.config/Code/User/globalStorage/bmd.stm32-for-vscode/@xpack-dev-tools/arm-none-eabi-gcc/13.2.1-1.1.1/.content/bin/../lib/gcc/arm-none-eabi/13.2.1/thumb/v7-m/nofp/crtn.o
                0x08002b08                        . = ALIGN (0x4)
                0x08002b08                        _etext = .

.vfp11_veneer   0x08002b08        0x0
 .vfp11_veneer  0x08002b08        0x0 linker stubs

.v4_bx          0x08002b08        0x0
 .v4_bx         0x08002b08        0x0 linker stubs

.iplt           0x08002b08        0x0
 .iplt          0x08002b08        0x0 /home/sarthak/.config/Code/User/globalStorage/bmd.stm32-for-vscode/@xpack-dev-tools/arm-none-eabi-gcc/13.2.1-1.1.1/.content/bin/../lib/gcc/arm-none-eabi/13.2.1/thumb/v7-m/nofp/crtbegin.o

.rodata         0x08002b08       0x74
                0x08002b08                        . = ALIGN (0x4)
 *(.rodata)
 *(.rodata*)
 .rodata.main.str1.4
                0x08002b08       0x13 build/debug/Core/Src/main.o
 *fill*         0x08002b1b        0x1 
 .rodata.APBPrescTable
                0x08002b1c        0x8 build/debug/Core/Src/system_stm32f1xx.o
                0x08002b1c                APBPrescTable
 .rodata.AHBPrescTable
                0x08002b24       0x10 build/debug/Core/Src/system_stm32f1xx.o
                0x08002b24                AHBPrescTable
 .rodata.aPredivFactorTable.0
                0x08002b34        0x2 build/debug/Drivers/STM32F1xx_HAL_Driver/Src/stm32f1xx_hal_rcc.o
 *fill*         0x08002b36        0x2 
 .rodata.aPLLMULFactorTable.1
                0x08002b38       0x10 build/debug/Drivers/STM32F1xx_HAL_Driver/Src/stm32f1xx_hal_rcc.o
 .rodata._svfprintf_r.str1.1
                0x08002b48       0x33 /home/sarthak/.config/Code/User/globalStorage/bmd.stm32-for-vscode/@xpack-dev-tools/arm-none-eabi-gcc/13.2.1-1.1.1/.content/bin/../lib/gcc/arm-none-eabi/13.2.1/../../../../arm-none-eabi/lib/thumb/v7-m/nofp/libc_nano.a(libc_a-nano-svfprintf.o)
                                 0x11 (size before relaxing)
 .rodata._printf_i.str1.1
                0x08002b7b       0x22 /home/sarthak/.config/Code/User/globalStorage/bmd.stm32-for-vscode/@xpack-dev-tools/arm-none-eabi-gcc/13.2.1-1.1.1/.content/bin/../lib/gcc/arm-none-eabi/13.2.1/../../../../arm-none-eabi/lib/thumb/v7-m/nofp/libc_nano.a(libc_a-nano-vfprintf_i.o)
                0x08002ba0                        . = ALIGN (0x4)
 *fill*         0x08002b7b        0x1 

.ARM.extab
 *(.ARM.extab* .gnu.linkonce.armextab.*)

.ARM            0x08002b7c        0x8
                0x08002b7c                        __exidx_start = .
 *(.ARM.exidx*)
 .ARM.exidx     0x08002b7c        0x8 /home/sarthak/.config/Code/User/globalStorage/bmd.stm32-for-vscode/@xpack-dev-tools/arm-none-eabi-gcc/13.2.1-1.1.1/.content/bin/../lib/gcc/arm-none-eabi/13.2.1/../../../../arm-none-eabi/lib/thumb/v7-m/nofp/libc_nano.a(libc_a-strlen.o)
                0x08002b84                        __exidx_end = .

.rel.dyn        0x08002b84        0x0
 .rel.iplt      0x08002b84        0x0 /home/sarthak/.config/Code/User/globalStorage/bmd.stm32-for-vscode/@xpack-dev-tools/arm-none-eabi-gcc/13.2.1-1.1.1/.content/bin/../lib/gcc/arm-none-eabi/13.2.1/thumb/v7-m/nofp/crtbegin.o

.preinit_array  0x08002b84        0x0
                0x08002b84                        PROVIDE (__preinit_array_start = .)
 *(.preinit_array*)
                0x08002b84                        PROVIDE (__preinit_array_end = .)

.init_array     0x08002b84        0x4
                0x08002b84                        PROVIDE (__init_array_start = .)
 *(SORT_BY_NAME(.init_array.*))
 *(.init_array*)
 .init_array    0x08002b84        0x4 /home/sarthak/.config/Code/User/globalStorage/bmd.stm32-for-vscode/@xpack-dev-tools/arm-none-eabi-gcc/13.2.1-1.1.1/.content/bin/../lib/gcc/arm-none-eabi/13.2.1/thumb/v7-m/nofp/crtbegin.o
                0x08002b88                        PROVIDE (__init_array_end = .)

.fini_array     0x08002b88        0x4
                0x08002b88                        PROVIDE (__fini_array_start = .)
 *(SORT_BY_NAME(.fini_array.*))
 *(.fini_array*)
 .fini_array    0x08002b88        0x4 /home/sarthak/.config/Code/User/globalStorage/bmd.stm32-for-vscode/@xpack-dev-tools/arm-none-eabi-gcc/13.2.1-1.1.1/.content/bin/../lib/gcc/arm-none-eabi/13.2.1/thumb/v7-m/nofp/crtbegin.o
                0x08002b8c                        PROVIDE (__fini_array_end = .)
                0x08002b8c                        _sidata = LOADADDR (.data)

.data           0x20000000       0x5c load address 0x08002b8c
                0x20000000                        . = ALIGN (0x4)
                0x20000000                        _sdata = .
 *(.data)
 *(.data*)
 .data.SystemCoreClock
                0x20000000        0x4 build/debug/Core/Src/system_stm32f1xx.o
                0x20000000                SystemCoreClock
 .data.uwTickFreq
                0x20000004        0x1 build/debug/Drivers/STM32F1xx_HAL_Driver/Src/stm32f1xx_hal.o
                0x20000004                uwTickFreq
 *fill*         0x20000005        0x3 
 .data.uwTickPrio
                0x20000008        0x4 build/debug/Drivers/STM32F1xx_HAL_Driver/Src/stm32f1xx_hal.o
                0x20000008                uwTickPrio
 .data._impure_ptr
                0x2000000c        0x4 /home/sarthak/.config/Code/User/globalStorage/bmd.stm32-for-vscode/@xpack-dev-tools/arm-none-eabi-gcc/13.2.1-1.1.1/.content/bin/../lib/gcc/arm-none-eabi/13.2.1/../../../../arm-none-eabi/lib/thumb/v7-m/nofp/libc_nano.a(libc_a-impure.o)
                0x2000000c                _impure_ptr
 .data._impure_data
                0x20000010       0x4c /home/sarthak/.config/Code/User/globalStorage/bmd.stm32-for-vscode/@xpack-dev-tools/arm-none-eabi-gcc/13.2.1-1.1.1/.content/bin/../lib/gcc/arm-none-eabi/13.2.1/../../../../arm-none-eabi/lib/thumb/v7-m/nofp/libc_nano.a(libc_a-impure.o)
                0x20000010                _impure_data
                0x2000005c                        . = ALIGN (0x4)
                0x2000005c                        _edata = .

.igot.plt       0x2000005c        0x0 load address 0x08002be8
 .igot.plt      0x2000005c        0x0 /home/sarthak/.config/Code/User/globalStorage/bmd.stm32-for-vscode/@xpack-dev-tools/arm-none-eabi-gcc/13.2.1-1.1.1/.content/bin/../lib/gcc/arm-none-eabi/13.2.1/thumb/v7-m/nofp/crtbegin.o
                0x2000005c                        . = ALIGN (0x4)

.bss            0x2000005c      0x208 load address 0x08002be8
                0x2000005c                        _sbss = .
                0x2000005c                        __bss_start__ = _sbss
 *(.bss)
 *(.bss*)
 .bss.completed.1
                0x2000005c        0x1 /home/sarthak/.config/Code/User/globalStorage/bmd.stm32-for-vscode/@xpack-dev-tools/arm-none-eabi-gcc/13.2.1-1.1.1/.content/bin/../lib/gcc/arm-none-eabi/13.2.1/thumb/v7-m/nofp/crtbegin.o
 *fill*         0x2000005d        0x3 
 .bss.object.0  0x20000060       0x18 /home/sarthak/.config/Code/User/globalStorage/bmd.stm32-for-vscode/@xpack-dev-tools/arm-none-eabi-gcc/13.2.1-1.1.1/.content/bin/../lib/gcc/arm-none-eabi/13.2.1/thumb/v7-m/nofp/crtbegin.o
 .bss.hi2c1     0x20000078       0x54 build/debug/Core/Src/i2c.o
                0x20000078                hi2c1
 .bss.__sbrk_heap_end
                0x200000cc        0x4 build/debug/Core/Src/sysmem.o
 .bss.huart1    0x200000d0       0x48 build/debug/Core/Src/usart.o
                0x200000d0                huart1
 .bss.uwTick    0x20000118        0x4 build/debug/Drivers/STM32F1xx_HAL_Driver/Src/stm32f1xx_hal.o
                0x20000118                uwTick
 .bss.__sf      0x2000011c      0x138 /home/sarthak/.config/Code/User/globalStorage/bmd.stm32-for-vscode/@xpack-dev-tools/arm-none-eabi-gcc/13.2.1-1.1.1/.content/bin/../lib/gcc/arm-none-eabi/13.2.1/../../../../arm-none-eabi/lib/thumb/v7-m/nofp/libc_nano.a(libc_a-findfp.o)
                0x2000011c                __sf
 .bss.errno     0x20000254        0x4 /home/sarthak/.config/Code/User/globalStorage/bmd.stm32-for-vscode/@xpack-dev-tools/arm-none-eabi-gcc/13.2.1-1.1.1/.content/bin/../lib/gcc/arm-none-eabi/13.2.1/../../../../arm-none-eabi/lib/thumb/v7-m/nofp/libc_nano.a(libc_a-reent.o)
                0x20000254                errno
 .bss.__lock___malloc_recursive_mutex
                0x20000258        0x1 /home/sarthak/.config/Code/User/globalStorage/bmd.stm32-for-vscode/@xpack-dev-tools/arm-none-eabi-gcc/13.2.1-1.1.1/.content/bin/../lib/gcc/arm-none-eabi/13.2.1/../../../../arm-none-eabi/lib/thumb/v7-m/nofp/libc_nano.a(libc_a-lock.o)
                0x20000258                __lock___malloc_recursive_mutex
 *fill*         0x20000259        0x3 
 .bss.__malloc_sbrk_start
                0x2000025c        0x4 /home/sarthak/.config/Code/User/globalStorage/bmd.stm32-for-vscode/@xpack-dev-tools/arm-none-eabi-gcc/13.2.1-1.1.1/.content/bin/../lib/gcc/arm-none-eabi/13.2.1/../../../../arm-none-eabi/lib/thumb/v7-m/nofp/libc_nano.a(libc_a-mallocr.o)
                0x2000025c                __malloc_sbrk_start
 .bss.__malloc_free_list
                0x20000260        0x4 /home/sarthak/.config/Code/User/globalStorage/bmd.stm32-for-vscode/@xpack-dev-tools/arm-none-eabi-gcc/13.2.1-1.1.1/.content/bin/../lib/gcc/arm-none-eabi/13.2.1/../../../../arm-none-eabi/lib/thumb/v7-m/nofp/libc_nano.a(libc_a-mallocr.o)
                0x20000260                __malloc_free_list
 *(COMMON)
                0x20000264                        . = ALIGN (0x4)
                0x20000264                        _ebss = .
                0x20000264                        __bss_end__ = _ebss

._user_heap_stack
                0x20000264      0x604 load address 0x08002be8
                0x20000268                        . = ALIGN (0x8)
 *fill*         0x20000264        0x4 
                [!provide]                        PROVIDE (end = .)
                0x20000268                        PROVIDE (_end = .)
                0x20000468                        . = (. + _Min_Heap_Size)
 *fill*         0x20000268      0x200 
                0x20000868                        . = (. + _Min_Stack_Size)
 *fill*         0x20000468      0x400 
                0x20000868                        . = ALIGN (0x8)

/DISCARD/
 libc.a(*)
 libm.a(*)
 libgcc.a(*)

.ARM.attributes
                0x00000000       0x29
 *(.ARM.attributes)
 .ARM.attributes
                0x00000000       0x1d /home/sarthak/.config/Code/User/globalStorage/bmd.stm32-for-vscode/@xpack-dev-tools/arm-none-eabi-gcc/13.2.1-1.1.1/.content/bin/../lib/gcc/arm-none-eabi/13.2.1/thumb/v7-m/nofp/crti.o
 .ARM.attributes
                0x0000001d       0x2d /home/sarthak/.config/Code/User/globalStorage/bmd.stm32-for-vscode/@xpack-dev-tools/arm-none-eabi-gcc/13.2.1-1.1.1/.content/bin/../lib/gcc/arm-none-eabi/13.2.1/thumb/v7-m/nofp/crtbegin.o
 .ARM.attributes
                0x0000004a       0x2d build/debug/Core/Src/gpio.o
 .ARM.attributes
                0x00000077       0x2d build/debug/Core/Src/i2c.o
 .ARM.attributes
                0x000000a4       0x2d build/debug/Core/Src/main.o
 .ARM.attributes
                0x000000d1       0x2d build/debug/Core/Src/stm32f1xx_hal_msp.o
 .ARM.attributes
                0x000000fe       0x2d build/debug/Core/Src/stm32f1xx_it.o
 .ARM.attributes
                0x0000012b       0x2d build/debug/Core/Src/sysmem.o
 .ARM.attributes
                0x00000158       0x2d build/debug/Core/Src/system_stm32f1xx.o
 .ARM.attributes
                0x00000185       0x2d build/debug/Core/Src/usart.o
 .ARM.attributes
                0x000001b2       0x2d build/debug/Drivers/STM32F1xx_HAL_Driver/Src/stm32f1xx_hal.o
 .ARM.attributes
                0x000001df       0x2d build/debug/Drivers/STM32F1xx_HAL_Driver/Src/stm32f1xx_hal_cortex.o
 .ARM.attributes
                0x0000020c       0x2d build/debug/Drivers/STM32F1xx_HAL_Driver/Src/stm32f1xx_hal_gpio.o
 .ARM.attributes
                0x00000239       0x2d build/debug/Drivers/STM32F1xx_HAL_Driver/Src/stm32f1xx_hal_i2c.o
 .ARM.attributes
                0x00000266       0x2d build/debug/Drivers/STM32F1xx_HAL_Driver/Src/stm32f1xx_hal_rcc.o
 .ARM.attributes
                0x00000293       0x2d build/debug/Drivers/STM32F1xx_HAL_Driver/Src/stm32f1xx_hal_uart.o
 .ARM.attributes
                0x000002c0       0x21 build/debug/startup_stm32f103xb.o
 .ARM.attributes
                0x000002e1       0x2d /home/sarthak/.config/Code/User/globalStorage/bmd.stm32-for-vscode/@xpack-dev-tools/arm-none-eabi-gcc/13.2.1-1.1.1/.content/bin/../lib/gcc/arm-none-eabi/13.2.1/../../../../arm-none-eabi/lib/thumb/v7-m/nofp/libc_nano.a(libc_a-findfp.o)
 .ARM.attributes
                0x0000030e       0x2d /home/sarthak/.config/Code/User/globalStorage/bmd.stm32-for-vscode/@xpack-dev-tools/arm-none-eabi-gcc/13.2.1-1.1.1/.content/bin/../lib/gcc/arm-none-eabi/13.2.1/../../../../arm-none-eabi/lib/thumb/v7-m/nofp/libc_nano.a(libc_a-snprintf.o)
 .ARM.attributes
                0x0000033b       0x2d /home/sarthak/.config/Code/User/globalStorage/bmd.stm32-for-vscode/@xpack-dev-tools/arm-none-eabi-gcc/13.2.1-1.1.1/.content/bin/../lib/gcc/arm-none-eabi/13.2.1/../../../../arm-none-eabi/lib/thumb/v7-m/nofp/libc_nano.a(libc_a-memset.o)
 .ARM.attributes
                0x00000368       0x2d /home/sarthak/.config/Code/User/globalStorage/bmd.stm32-for-vscode/@xpack-dev-tools/arm-none-eabi-gcc/13.2.1-1.1.1/.content/bin/../lib/gcc/arm-none-eabi/13.2.1/../../../../arm-none-eabi/lib/thumb/v7-m/nofp/libc_nano.a(libc_a-reent.o)
 .ARM.attributes
                0x00000395       0x2d /home/sarthak/.config/Code/User/globalStorage/bmd.stm32-for-vscode/@xpack-dev-tools/arm-none-eabi-gcc/13.2.1-1.1.1/.content/bin/../lib/gcc/arm-none-eabi/13.2.1/../../../../arm-none-eabi/lib/thumb/v7-m/nofp/libc_nano.a(libc_a-impure.o)
 .ARM.attributes
                0x000003c2       0x2d /home/sarthak/.config/Code/User/globalStorage/bmd.stm32-for-vscode/@xpack-dev-tools/arm-none-eabi-gcc/13.2.1-1.1.1/.content/bin/../lib/gcc/arm-none-eabi/13.2.1/../../../../arm-none-eabi/lib/thumb/v7-m/nofp/libc_nano.a(libc_a-errno.o)
 .ARM.attributes
                0x000003ef       0x2d /home/sarthak/.config/Code/User/globalStorage/bmd.stm32-for-vscode/@xpack-dev-tools/arm-none-eabi-gcc/13.2.1-1.1.1/.content/bin/../lib/gcc/arm-none-eabi/13.2.1/../../../../arm-none-eabi/lib/thumb/v7-m/nofp/libc_nano.a(libc_a-init.o)
 .ARM.attributes
                0x0000041c       0x2d /home/sarthak/.config/Code/User/globalStorage/bmd.stm32-for-vscode/@xpack-dev-tools/arm-none-eabi-gcc/13.2.1-1.1.1/.content/bin/../lib/gcc/arm-none-eabi/13.2.1/../../../../arm-none-eabi/lib/thumb/v7-m/nofp/libc_nano.a(libc_a-lock.o)
 .ARM.attributes
                0x00000449       0x17 /home/sarthak/.config/Code/User/globalStorage/bmd.stm32-for-vscode/@xpack-dev-tools/arm-none-eabi-gcc/13.2.1-1.1.1/.content/bin/../lib/gcc/arm-none-eabi/13.2.1/../../../../arm-none-eabi/lib/thumb/v7-m/nofp/libc_nano.a(libc_a-strlen.o)
 .ARM.attributes
                0x00000460       0x2d /home/sarthak/.config/Code/User/globalStorage/bmd.stm32-for-vscode/@xpack-dev-tools/arm-none-eabi-gcc/13.2.1-1.1.1/.content/bin/../lib/gcc/arm-none-eabi/13.2.1/../../../../arm-none-eabi/lib/thumb/v7-m/nofp/libc_nano.a(libc_a-freer.o)
 .ARM.attributes
                0x0000048d       0x2d /home/sarthak/.config/Code/User/globalStorage/bmd.stm32-for-vscode/@xpack-dev-tools/arm-none-eabi-gcc/13.2.1-1.1.1/.content/bin/../lib/gcc/arm-none-eabi/13.2.1/../../../../arm-none-eabi/lib/thumb/v7-m/nofp/libc_nano.a(libc_a-mallocr.o)
 .ARM.attributes
                0x000004ba       0x2d /home/sarthak/.config/Code/User/globalStorage/bmd.stm32-for-vscode/@xpack-dev-tools/arm-none-eabi-gcc/13.2.1-1.1.1/.content/bin/../lib/gcc/arm-none-eabi/13.2.1/../../../../arm-none-eabi/lib/thumb/v7-m/nofp/libc_nano.a(libc_a-mlock.o)
 .ARM.attributes
                0x000004e7       0x2d /home/sarthak/.config/Code/User/globalStorage/bmd.stm32-for-vscode/@xpack-dev-tools/arm-none-eabi-gcc/13.2.1-1.1.1/.content/bin/../lib/gcc/arm-none-eabi/13.2.1/../../../../arm-none-eabi/lib/thumb/v7-m/nofp/libc_nano.a(libc_a-nano-svfprintf.o)
 .ARM.attributes
                0x00000514       0x2d /home/sarthak/.config/Code/User/globalStorage/bmd.stm32-for-vscode/@xpack-dev-tools/arm-none-eabi-gcc/13.2.1-1.1.1/.content/bin/../lib/gcc/arm-none-eabi/13.2.1/../../../../arm-none-eabi/lib/thumb/v7-m/nofp/libc_nano.a(libc_a-nano-vfprintf_i.o)
 .ARM.attributes
                0x00000541       0x2d /home/sarthak/.config/Code/User/globalStorage/bmd.stm32-for-vscode/@xpack-dev-tools/arm-none-eabi-gcc/13.2.1-1.1.1/.content/bin/../lib/gcc/arm-none-eabi/13.2.1/../../../../arm-none-eabi/lib/thumb/v7-m/nofp/libc_nano.a(libc_a-memmove.o)
 .ARM.attributes
                0x0000056e       0x2d /home/sarthak/.config/Code/User/globalStorage/bmd.stm32-for-vscode/@xpack-dev-tools/arm-none-eabi-gcc/13.2.1-1.1.1/.content/bin/../lib/gcc/arm-none-eabi/13.2.1/../../../../arm-none-eabi/lib/thumb/v7-m/nofp/libc_nano.a(libc_a-sbrkr.o)
 .ARM.attributes
                0x0000059b       0x2d /home/sarthak/.config/Code/User/globalStorage/bmd.stm32-for-vscode/@xpack-dev-tools/arm-none-eabi-gcc/13.2.1-1.1.1/.content/bin/../lib/gcc/arm-none-eabi/13.2.1/../../../../arm-none-eabi/lib/thumb/v7-m/nofp/libc_nano.a(libc_a-memchr-stub.o)
 .ARM.attributes
                0x000005c8       0x2d /home/sarthak/.config/Code/User/globalStorage/bmd.stm32-for-vscode/@xpack-dev-tools/arm-none-eabi-gcc/13.2.1-1.1.1/.content/bin/../lib/gcc/arm-none-eabi/13.2.1/../../../../arm-none-eabi/lib/thumb/v7-m/nofp/libc_nano.a(libc_a-memcpy-stub.o)
 .ARM.attributes
                0x000005f5       0x2d /home/sarthak/.config/Code/User/globalStorage/bmd.stm32-for-vscode/@xpack-dev-tools/arm-none-eabi-gcc/13.2.1-1.1.1/.content/bin/../lib/gcc/arm-none-eabi/13.2.1/../../../../arm-none-eabi/lib/thumb/v7-m/nofp/libc_nano.a(libc_a-reallocr.o)
 .ARM.attributes
                0x00000622       0x2d /home/sarthak/.config/Code/User/globalStorage/bmd.stm32-for-vscode/@xpack-dev-tools/arm-none-eabi-gcc/13.2.1-1.1.1/.content/bin/../lib/gcc/arm-none-eabi/13.2.1/../../../../arm-none-eabi/lib/thumb/v7-m/nofp/libc_nano.a(libc_a-msizer.o)
 .ARM.attributes
                0x0000064f       0x1d /home/sarthak/.config/Code/User/globalStorage/bmd.stm32-for-vscode/@xpack-dev-tools/arm-none-eabi-gcc/13.2.1-1.1.1/.content/bin/../lib/gcc/arm-none-eabi/13.2.1/thumb/v7-m/nofp/libgcc.a(_arm_muldf3.o)
 .ARM.attributes
                0x0000066c       0x1d /home/sarthak/.config/Code/User/globalStorage/bmd.stm32-for-vscode/@xpack-dev-tools/arm-none-eabi-gcc/13.2.1-1.1.1/.content/bin/../lib/gcc/arm-none-eabi/13.2.1/thumb/v7-m/nofp/libgcc.a(_arm_addsubdf3.o)
 .ARM.attributes
                0x00000689       0x1d /home/sarthak/.config/Code/User/globalStorage/bmd.stm32-for-vscode/@xpack-dev-tools/arm-none-eabi-gcc/13.2.1-1.1.1/.content/bin/../lib/gcc/arm-none-eabi/13.2.1/thumb/v7-m/nofp/libgcc.a(_arm_truncdfsf2.o)
 .ARM.attributes
                0x000006a6       0x1d /home/sarthak/.config/Code/User/globalStorage/bmd.stm32-for-vscode/@xpack-dev-tools/arm-none-eabi-gcc/13.2.1-1.1.1/.content/bin/../lib/gcc/arm-none-eabi/13.2.1/thumb/v7-m/nofp/libgcc.a(_arm_fixsfsi.o)
 .ARM.attributes
                0x000006c3       0x1d /home/sarthak/.config/Code/User/globalStorage/bmd.stm32-for-vscode/@xpack-dev-tools/arm-none-eabi-gcc/13.2.1-1.1.1/.content/bin/../lib/gcc/arm-none-eabi/13.2.1/thumb/v7-m/nofp/crtn.o
OUTPUT(build/Tmp100.elf elf32-littlearm)
LOAD linker stubs
LOAD /home/sarthak/.config/Code/User/globalStorage/bmd.stm32-for-vscode/@xpack-dev-tools/arm-none-eabi-gcc/13.2.1-1.1.1/.content/bin/../lib/gcc/arm-none-eabi/13.2.1/../../../../arm-none-eabi/lib/thumb/v7-m/nofp/libc.a
LOAD /home/sarthak/.config/Code/User/globalStorage/bmd.stm32-for-vscode/@xpack-dev-tools/arm-none-eabi-gcc/13.2.1-1.1.1/.content/bin/../lib/gcc/arm-none-eabi/13.2.1/../../../../arm-none-eabi/lib/thumb/v7-m/nofp/libm.a
LOAD /home/sarthak/.config/Code/User/globalStorage/bmd.stm32-for-vscode/@xpack-dev-tools/arm-none-eabi-gcc/13.2.1-1.1.1/.content/bin/../lib/gcc/arm-none-eabi/13.2.1/thumb/v7-m/nofp/libgcc.a

.comment        0x00000000       0x39
 .comment       0x00000000       0x39 /home/sarthak/.config/Code/User/globalStorage/bmd.stm32-for-vscode/@xpack-dev-tools/arm-none-eabi-gcc/13.2.1-1.1.1/.content/bin/../lib/gcc/arm-none-eabi/13.2.1/thumb/v7-m/nofp/crtbegin.o
                                 0x3a (size before relaxing)
 .comment       0x00000039       0x3a build/debug/Core/Src/gpio.o
 .comment       0x00000039       0x3a build/debug/Core/Src/i2c.o
 .comment       0x00000039       0x3a build/debug/Core/Src/main.o
 .comment       0x00000039       0x3a build/debug/Core/Src/stm32f1xx_hal_msp.o
 .comment       0x00000039       0x3a build/debug/Core/Src/stm32f1xx_it.o
 .comment       0x00000039       0x3a build/debug/Core/Src/sysmem.o
 .comment       0x00000039       0x3a build/debug/Core/Src/system_stm32f1xx.o
 .comment       0x00000039       0x3a build/debug/Core/Src/usart.o
 .comment       0x00000039       0x3a build/debug/Drivers/STM32F1xx_HAL_Driver/Src/stm32f1xx_hal.o
 .comment       0x00000039       0x3a build/debug/Drivers/STM32F1xx_HAL_Driver/Src/stm32f1xx_hal_cortex.o
 .comment       0x00000039       0x3a build/debug/Drivers/STM32F1xx_HAL_Driver/Src/stm32f1xx_hal_gpio.o
 .comment       0x00000039       0x3a build/debug/Drivers/STM32F1xx_HAL_Driver/Src/stm32f1xx_hal_i2c.o
 .comment       0x00000039       0x3a build/debug/Drivers/STM32F1xx_HAL_Driver/Src/stm32f1xx_hal_rcc.o
 .comment       0x00000039       0x3a build/debug/Drivers/STM32F1xx_HAL_Driver/Src/stm32f1xx_hal_uart.o
 .comment       0x00000039       0x3a /home/sarthak/.config/Code/User/globalStorage/bmd.stm32-for-vscode/@xpack-dev-tools/arm-none-eabi-gcc/13.2.1-1.1.1/.content/bin/../lib/gcc/arm-none-eabi/13.2.1/../../../../arm-none-eabi/lib/thumb/v7-m/nofp/libc_nano.a(libc_a-findfp.o)
 .comment       0x00000039       0x3a /home/sarthak/.config/Code/User/globalStorage/bmd.stm32-for-vscode/@xpack-dev-tools/arm-none-eabi-gcc/13.2.1-1.1.1/.content/bin/../lib/gcc/arm-none-eabi/13.2.1/../../../../arm-none-eabi/lib/thumb/v7-m/nofp/libc_nano.a(libc_a-snprintf.o)
 .comment       0x00000039       0x3a /home/sarthak/.config/Code/User/globalStorage/bmd.stm32-for-vscode/@xpack-dev-tools/arm-none-eabi-gcc/13.2.1-1.1.1/.content/bin/../lib/gcc/arm-none-eabi/13.2.1/../../../../arm-none-eabi/lib/thumb/v7-m/nofp/libc_nano.a(libc_a-memset.o)
 .comment       0x00000039       0x3a /home/sarthak/.config/Code/User/globalStorage/bmd.stm32-for-vscode/@xpack-dev-tools/arm-none-eabi-gcc/13.2.1-1.1.1/.content/bin/../lib/gcc/arm-none-eabi/13.2.1/../../../../arm-none-eabi/lib/thumb/v7-m/nofp/libc_nano.a(libc_a-reent.o)
 .comment       0x00000039       0x3a /home/sarthak/.config/Code/User/globalStorage/bmd.stm32-for-vscode/@xpack-dev-tools/arm-none-eabi-gcc/13.2.1-1.1.1/.content/bin/../lib/gcc/arm-none-eabi/13.2.1/../../../../arm-none-eabi/lib/thumb/v7-m/nofp/libc_nano.a(libc_a-impure.o)
 .comment       0x00000039       0x3a /home/sarthak/.config/Code/User/globalStorage/bmd.stm32-for-vscode/@xpack-dev-tools/arm-none-eabi-gcc/13.2.1-1.1.1/.content/bin/../lib/gcc/arm-none-eabi/13.2.1/../../../../arm-none-eabi/lib/thumb/v7-m/nofp/libc_nano.a(libc_a-errno.o)
 .comment       0x00000039       0x3a /home/sarthak/.config/Code/User/globalStorage/bmd.stm32-for-vscode/@xpack-dev-tools/arm-none-eabi-gcc/13.2.1-1.1.1/.content/bin/../lib/gcc/arm-none-eabi/13.2.1/../../../../arm-none-eabi/lib/thumb/v7-m/nofp/libc_nano.a(libc_a-init.o)
 .comment       0x00000039       0x3a /home/sarthak/.config/Code/User/globalStorage/bmd.stm32-for-vscode/@xpack-dev-tools/arm-none-eabi-gcc/13.2.1-1.1.1/.content/bin/../lib/gcc/arm-none-eabi/13.2.1/../../../../arm-none-eabi/lib/thumb/v7-m/nofp/libc_nano.a(libc_a-lock.o)
 .comment       0x00000039       0x3a /home/sarthak/.config/Code/User/globalStorage/bmd.stm32-for-vscode/@xpack-dev-tools/arm-none-eabi-gcc/13.2.1-1.1.1/.content/bin/../lib/gcc/arm-none-eabi/13.2.1/../../../../arm-none-eabi/lib/thumb/v7-m/nofp/libc_nano.a(libc_a-freer.o)
 .comment       0x00000039       0x3a /home/sarthak/.config/Code/User/globalStorage/bmd.stm32-for-vscode/@xpack-dev-tools/arm-none-eabi-gcc/13.2.1-1.1.1/.content/bin/../lib/gcc/arm-none-eabi/13.2.1/../../../../arm-none-eabi/lib/thumb/v7-m/nofp/libc_nano.a(libc_a-mallocr.o)
 .comment       0x00000039       0x3a /home/sarthak/.config/Code/User/globalStorage/bmd.stm32-for-vscode/@xpack-dev-tools/arm-none-eabi-gcc/13.2.1-1.1.1/.content/bin/../lib/gcc/arm-none-eabi/13.2.1/../../../../arm-none-eabi/lib/thumb/v7-m/nofp/libc_nano.a(libc_a-mlock.o)
 .comment       0x00000039       0x3a /home/sarthak/.config/Code/User/globalStorage/bmd.stm32-for-vscode/@xpack-dev-tools/arm-none-eabi-gcc/13.2.1-1.1.1/.content/bin/../lib/gcc/arm-none-eabi/13.2.1/../../../../arm-none-eabi/lib/thumb/v7-m/nofp/libc_nano.a(libc_a-nano-svfprintf.o)
 .comment       0x00000039       0x3a /home/sarthak/.config/Code/User/globalStorage/bmd.stm32-for-vscode/@xpack-dev-tools/arm-none-eabi-gcc/13.2.1-1.1.1/.content/bin/../lib/gcc/arm-none-eabi/13.2.1/../../../../arm-none-eabi/lib/thumb/v7-m/nofp/libc_nano.a(libc_a-nano-vfprintf_i.o)
 .comment       0x00000039       0x3a /home/sarthak/.config/Code/User/globalStorage/bmd.stm32-for-vscode/@xpack-dev-tools/arm-none-eabi-gcc/13.2.1-1.1.1/.content/bin/../lib/gcc/arm-none-eabi/13.2.1/../../../../arm-none-eabi/lib/thumb/v7-m/nofp/libc_nano.a(libc_a-memmove.o)
 .comment       0x00000039       0x3a /home/sarthak/.config/Code/User/globalStorage/bmd.stm32-for-vscode/@xpack-dev-tools/arm-none-eabi-gcc/13.2.1-1.1.1/.content/bin/../lib/gcc/arm-none-eabi/13.2.1/../../../../arm-none-eabi/lib/thumb/v7-m/nofp/libc_nano.a(libc_a-sbrkr.o)
 .comment       0x00000039       0x3a /home/sarthak/.config/Code/User/globalStorage/bmd.stm32-for-vscode/@xpack-dev-tools/arm-none-eabi-gcc/13.2.1-1.1.1/.content/bin/../lib/gcc/arm-none-eabi/13.2.1/../../../../arm-none-eabi/lib/thumb/v7-m/nofp/libc_nano.a(libc_a-memchr-stub.o)
 .comment       0x00000039       0x3a /home/sarthak/.config/Code/User/globalStorage/bmd.stm32-for-vscode/@xpack-dev-tools/arm-none-eabi-gcc/13.2.1-1.1.1/.content/bin/../lib/gcc/arm-none-eabi/13.2.1/../../../../arm-none-eabi/lib/thumb/v7-m/nofp/libc_nano.a(libc_a-memcpy-stub.o)
 .comment       0x00000039       0x3a /home/sarthak/.config/Code/User/globalStorage/bmd.stm32-for-vscode/@xpack-dev-tools/arm-none-eabi-gcc/13.2.1-1.1.1/.content/bin/../lib/gcc/arm-none-eabi/13.2.1/../../../../arm-none-eabi/lib/thumb/v7-m/nofp/libc_nano.a(libc_a-reallocr.o)
 .comment       0x00000039       0x3a /home/sarthak/.config/Code/User/globalStorage/bmd.stm32-for-vscode/@xpack-dev-tools/arm-none-eabi-gcc/13.2.1-1.1.1/.content/bin/../lib/gcc/arm-none-eabi/13.2.1/../../../../arm-none-eabi/lib/thumb/v7-m/nofp/libc_nano.a(libc_a-msizer.o)

.debug_info     0x00000000     0xc45c
 .debug_info    0x00000000      0x180 build/debug/Core/Src/gpio.o
 .debug_info    0x00000180      0x8f5 build/debug/Core/Src/i2c.o
 .debug_info    0x00000a75      0xd8c build/debug/Core/Src/main.o
 .debug_info    0x00001801      0x1f4 build/debug/Core/Src/stm32f1xx_hal_msp.o
 .debug_info    0x000019f5      0x11d build/debug/Core/Src/stm32f1xx_it.o
 .debug_info    0x00001b12      0x171 build/debug/Core/Src/sysmem.o
 .debug_info    0x00001c83      0x22d build/debug/Core/Src/system_stm32f1xx.o
 .debug_info    0x00001eb0      0x8a6 build/debug/Core/Src/usart.o
 .debug_info    0x00002756      0x7a2 build/debug/Drivers/STM32F1xx_HAL_Driver/Src/stm32f1xx_hal.o
 .debug_info    0x00002ef8      0xcd9 build/debug/Drivers/STM32F1xx_HAL_Driver/Src/stm32f1xx_hal_cortex.o
 .debug_info    0x00003bd1      0x604 build/debug/Drivers/STM32F1xx_HAL_Driver/Src/stm32f1xx_hal_gpio.o
 .debug_info    0x000041d5     0x390b build/debug/Drivers/STM32F1xx_HAL_Driver/Src/stm32f1xx_hal_i2c.o
 .debug_info    0x00007ae0      0x9c7 build/debug/Drivers/STM32F1xx_HAL_Driver/Src/stm32f1xx_hal_rcc.o
 .debug_info    0x000084a7     0x3f85 build/debug/Drivers/STM32F1xx_HAL_Driver/Src/stm32f1xx_hal_uart.o
 .debug_info    0x0000c42c       0x30 build/debug/startup_stm32f103xb.o

.debug_abbrev   0x00000000     0x1b96
 .debug_abbrev  0x00000000       0xc4 build/debug/Core/Src/gpio.o
 .debug_abbrev  0x000000c4      0x221 build/debug/Core/Src/i2c.o
 .debug_abbrev  0x000002e5      0x2c3 build/debug/Core/Src/main.o
 .debug_abbrev  0x000005a8       0xed build/debug/Core/Src/stm32f1xx_hal_msp.o
 .debug_abbrev  0x00000695       0x7c build/debug/Core/Src/stm32f1xx_it.o
 .debug_abbrev  0x00000711       0xea build/debug/Core/Src/sysmem.o
 .debug_abbrev  0x000007fb      0x143 build/debug/Core/Src/system_stm32f1xx.o
 .debug_abbrev  0x0000093e      0x229 build/debug/Core/Src/usart.o
 .debug_abbrev  0x00000b67      0x22d build/debug/Drivers/STM32F1xx_HAL_Driver/Src/stm32f1xx_hal.o
 .debug_abbrev  0x00000d94      0x36d build/debug/Drivers/STM32F1xx_HAL_Driver/Src/stm32f1xx_hal_cortex.o
 .debug_abbrev  0x00001101      0x1f7 build/debug/Drivers/STM32F1xx_HAL_Driver/Src/stm32f1xx_hal_gpio.o
 .debug_abbrev  0x000012f8      0x2be build/debug/Drivers/STM32F1xx_HAL_Driver/Src/stm32f1xx_hal_i2c.o
 .debug_abbrev  0x000015b6      0x2a0 build/debug/Drivers/STM32F1xx_HAL_Driver/Src/stm32f1xx_hal_rcc.o
 .debug_abbrev  0x00001856      0x31c build/debug/Drivers/STM32F1xx_HAL_Driver/Src/stm32f1xx_hal_uart.o
 .debug_abbrev  0x00001b72       0x24 build/debug/startup_stm32f103xb.o

.debug_aranges  0x00000000      0x8e0
 .debug_aranges
                0x00000000       0x20 build/debug/Core/Src/gpio.o
 .debug_aranges
                0x00000020       0x30 build/debug/Core/Src/i2c.o
 .debug_aranges
                0x00000050       0x38 build/debug/Core/Src/main.o
 .debug_aranges
                0x00000088       0x20 build/debug/Core/Src/stm32f1xx_hal_msp.o
 .debug_aranges
                0x000000a8       0x60 build/debug/Core/Src/stm32f1xx_it.o
 .debug_aranges
                0x00000108       0x20 build/debug/Core/Src/sysmem.o
 .debug_aranges
                0x00000128       0x28 build/debug/Core/Src/system_stm32f1xx.o
 .debug_aranges
                0x00000150       0x30 build/debug/Core/Src/usart.o
 .debug_aranges
                0x00000180       0xe0 build/debug/Drivers/STM32F1xx_HAL_Driver/Src/stm32f1xx_hal.o
 .debug_aranges
                0x00000260       0xc0 build/debug/Drivers/STM32F1xx_HAL_Driver/Src/stm32f1xx_hal_cortex.o
 .debug_aranges
                0x00000320       0x58 build/debug/Drivers/STM32F1xx_HAL_Driver/Src/stm32f1xx_hal_gpio.o
 .debug_aranges
                0x00000378      0x2a8 build/debug/Drivers/STM32F1xx_HAL_Driver/Src/stm32f1xx_hal_i2c.o
 .debug_aranges
                0x00000620       0x90 build/debug/Drivers/STM32F1xx_HAL_Driver/Src/stm32f1xx_hal_rcc.o
 .debug_aranges
                0x000006b0      0x208 build/debug/Drivers/STM32F1xx_HAL_Driver/Src/stm32f1xx_hal_uart.o
 .debug_aranges
                0x000008b8       0x28 build/debug/startup_stm32f103xb.o

.debug_rnglists
                0x00000000      0x6d5
 .debug_rnglists
                0x00000000       0x13 build/debug/Core/Src/gpio.o
 .debug_rnglists
                0x00000013       0x1f build/debug/Core/Src/i2c.o
 .debug_rnglists
                0x00000032       0x26 build/debug/Core/Src/main.o
 .debug_rnglists
                0x00000058       0x13 build/debug/Core/Src/stm32f1xx_hal_msp.o
 .debug_rnglists
                0x0000006b       0x43 build/debug/Core/Src/stm32f1xx_it.o
 .debug_rnglists
                0x000000ae       0x13 build/debug/Core/Src/sysmem.o
 .debug_rnglists
                0x000000c1       0x1a build/debug/Core/Src/system_stm32f1xx.o
 .debug_rnglists
                0x000000db       0x20 build/debug/Core/Src/usart.o
 .debug_rnglists
                0x000000fb       0xa3 build/debug/Drivers/STM32F1xx_HAL_Driver/Src/stm32f1xx_hal.o
 .debug_rnglists
                0x0000019e       0x8b build/debug/Drivers/STM32F1xx_HAL_Driver/Src/stm32f1xx_hal_cortex.o
 .debug_rnglists
                0x00000229       0x3f build/debug/Drivers/STM32F1xx_HAL_Driver/Src/stm32f1xx_hal_gpio.o
 .debug_rnglists
                0x00000268      0x236 build/debug/Drivers/STM32F1xx_HAL_Driver/Src/stm32f1xx_hal_i2c.o
 .debug_rnglists
                0x0000049e       0x7d build/debug/Drivers/STM32F1xx_HAL_Driver/Src/stm32f1xx_hal_rcc.o
 .debug_rnglists
                0x0000051b      0x1a1 build/debug/Drivers/STM32F1xx_HAL_Driver/Src/stm32f1xx_hal_uart.o
 .debug_rnglists
                0x000006bc       0x19 build/debug/startup_stm32f103xb.o

.debug_line     0x00000000     0xc1f2
 .debug_line    0x00000000      0x1e5 build/debug/Core/Src/gpio.o
 .debug_line    0x000001e5      0x363 build/debug/Core/Src/i2c.o
 .debug_line    0x00000548      0x437 build/debug/Core/Src/main.o
 .debug_line    0x0000097f      0x1f2 build/debug/Core/Src/stm32f1xx_hal_msp.o
 .debug_line    0x00000b71      0x13d build/debug/Core/Src/stm32f1xx_it.o
 .debug_line    0x00000cae      0x2a1 build/debug/Core/Src/sysmem.o
 .debug_line    0x00000f4f      0x2bb build/debug/Core/Src/system_stm32f1xx.o
 .debug_line    0x0000120a      0x37a build/debug/Core/Src/usart.o
 .debug_line    0x00001584      0x5a4 build/debug/Drivers/STM32F1xx_HAL_Driver/Src/stm32f1xx_hal.o
 .debug_line    0x00001b28      0x71d build/debug/Drivers/STM32F1xx_HAL_Driver/Src/stm32f1xx_hal_cortex.o
 .debug_line    0x00002245      0x646 build/debug/Drivers/STM32F1xx_HAL_Driver/Src/stm32f1xx_hal_gpio.o
 .debug_line    0x0000288b     0x56be build/debug/Drivers/STM32F1xx_HAL_Driver/Src/stm32f1xx_hal_i2c.o
 .debug_line    0x00007f49      0xd20 build/debug/Drivers/STM32F1xx_HAL_Driver/Src/stm32f1xx_hal_rcc.o
 .debug_line    0x00008c69     0x3515 build/debug/Drivers/STM32F1xx_HAL_Driver/Src/stm32f1xx_hal_uart.o
 .debug_line    0x0000c17e       0x74 build/debug/startup_stm32f103xb.o

.debug_str      0x00000000     0x28f2
 .debug_str     0x00000000     0x28f2 build/debug/Core/Src/gpio.o
                                0x1af (size before relaxing)
 .debug_str     0x000028f2      0x73e build/debug/Core/Src/i2c.o
 .debug_str     0x000028f2      0xa91 build/debug/Core/Src/main.o
 .debug_str     0x000028f2      0x1e9 build/debug/Core/Src/stm32f1xx_hal_msp.o
 .debug_str     0x000028f2      0x1ec build/debug/Core/Src/stm32f1xx_it.o
 .debug_str     0x000028f2      0x1e2 build/debug/Core/Src/sysmem.o
 .debug_str     0x000028f2      0x21e build/debug/Core/Src/system_stm32f1xx.o
 .debug_str     0x000028f2      0x6ca build/debug/Core/Src/usart.o
 .debug_str     0x000028f2      0x7f8 build/debug/Drivers/STM32F1xx_HAL_Driver/Src/stm32f1xx_hal.o
 .debug_str     0x000028f2      0x89d build/debug/Drivers/STM32F1xx_HAL_Driver/Src/stm32f1xx_hal_cortex.o
 .debug_str     0x000028f2      0x3ca build/debug/Drivers/STM32F1xx_HAL_Driver/Src/stm32f1xx_hal_gpio.o
 .debug_str     0x000028f2      0xf8f build/debug/Drivers/STM32F1xx_HAL_Driver/Src/stm32f1xx_hal_i2c.o
 .debug_str     0x000028f2      0x5f5 build/debug/Drivers/STM32F1xx_HAL_Driver/Src/stm32f1xx_hal_rcc.o
 .debug_str     0x000028f2      0xcbe build/debug/Drivers/STM32F1xx_HAL_Driver/Src/stm32f1xx_hal_uart.o
 .debug_str     0x000028f2       0x51 build/debug/startup_stm32f103xb.o

.debug_frame    0x00000000     0x17b4
 .debug_frame   0x00000000       0x28 build/debug/Core/Src/gpio.o
 .debug_frame   0x00000028       0x60 build/debug/Core/Src/i2c.o
 .debug_frame   0x00000088       0x70 build/debug/Core/Src/main.o
 .debug_frame   0x000000f8       0x28 build/debug/Core/Src/stm32f1xx_hal_msp.o
 .debug_frame   0x00000120       0xa8 build/debug/Core/Src/stm32f1xx_it.o
 .debug_frame   0x000001c8       0x28 build/debug/Core/Src/sysmem.o
 .debug_frame   0x000001f0       0x30 build/debug/Core/Src/system_stm32f1xx.o
 .debug_frame   0x00000220       0x60 build/debug/Core/Src/usart.o
 .debug_frame   0x00000280      0x1cc build/debug/Drivers/STM32F1xx_HAL_Driver/Src/stm32f1xx_hal.o
 .debug_frame   0x0000044c      0x19c build/debug/Drivers/STM32F1xx_HAL_Driver/Src/stm32f1xx_hal_cortex.o
 .debug_frame   0x000005e8       0xe4 build/debug/Drivers/STM32F1xx_HAL_Driver/Src/stm32f1xx_hal_gpio.o
 .debug_frame   0x000006cc      0x988 build/debug/Drivers/STM32F1xx_HAL_Driver/Src/stm32f1xx_hal_i2c.o
 .debug_frame   0x00001054      0x184 build/debug/Drivers/STM32F1xx_HAL_Driver/Src/stm32f1xx_hal_rcc.o
 .debug_frame   0x000011d8      0x5dc build/debug/Drivers/STM32F1xx_HAL_Driver/Src/stm32f1xx_hal_uart.o

.debug_loclists
                0x00000000     0x6e8c
 .debug_loclists
                0x00000000       0x86 build/debug/Core/Src/i2c.o
 .debug_loclists
                0x00000086       0xa9 build/debug/Core/Src/main.o
 .debug_loclists
                0x0000012f       0x17 build/debug/Core/Src/stm32f1xx_hal_msp.o
 .debug_loclists
                0x00000146       0x52 build/debug/Core/Src/sysmem.o
 .debug_loclists
                0x00000198       0xb7 build/debug/Core/Src/system_stm32f1xx.o
 .debug_loclists
                0x0000024f       0x96 build/debug/Core/Src/usart.o
 .debug_loclists
                0x000002e5       0xe1 build/debug/Drivers/STM32F1xx_HAL_Driver/Src/stm32f1xx_hal.o
 .debug_loclists
                0x000003c6      0x530 build/debug/Drivers/STM32F1xx_HAL_Driver/Src/stm32f1xx_hal_cortex.o
 .debug_loclists
                0x000008f6      0x318 build/debug/Drivers/STM32F1xx_HAL_Driver/Src/stm32f1xx_hal_gpio.o
 .debug_loclists
                0x00000c0e     0x31ca build/debug/Drivers/STM32F1xx_HAL_Driver/Src/stm32f1xx_hal_i2c.o
 .debug_loclists
                0x00003dd8      0x42e build/debug/Drivers/STM32F1xx_HAL_Driver/Src/stm32f1xx_hal_rcc.o
 .debug_loclists
                0x00004206     0x2c86 build/debug/Drivers/STM32F1xx_HAL_Driver/Src/stm32f1xx_hal_uart.o

.debug_line_str
                0x00000000       0x35
 .debug_line_str
                0x00000000       0x35 build/debug/startup_stm32f103xb.o

Cross Reference Table

Symbol                                            File
ADC1_2_IRQHandler                                 build/debug/startup_stm32f103xb.o
AHBPrescTable                                     build/debug/Core/Src/system_stm32f1xx.o
                                                  build/debug/Drivers/STM32F1xx_HAL_Driver/Src/stm32f1xx_hal_rcc.o
APBPrescTable                                     build/debug/Core/Src/system_stm32f1xx.o
                                                  build/debug/Drivers/STM32F1xx_HAL_Driver/Src/stm32f1xx_hal_rcc.o
BusFault_Handler                                  build/debug/Core/Src/stm32f1xx_it.o
CAN1_RX1_IRQHandler                               build/debug/startup_stm32f103xb.o
CAN1_SCE_IRQHandler                               build/debug/startup_stm32f103xb.o
DMA1_Channel1_IRQHandler                          build/debug/startup_stm32f103xb.o
DMA1_Channel2_IRQHandler                          build/debug/startup_stm32f103xb.o
DMA1_Channel3_IRQHandler                          build/debug/startup_stm32f103xb.o
DMA1_Channel4_IRQHandler                          build/debug/startup_stm32f103xb.o
DMA1_Channel5_IRQHandler                          build/debug/startup_stm32f103xb.o
DMA1_Channel6_IRQHandler                          build/debug/startup_stm32f103xb.o
DMA1_Channel7_IRQHandler                          build/debug/startup_stm32f103xb.o
DebugMon_Handler                                  build/debug/Core/Src/stm32f1xx_it.o
Default_Handler                                   build/debug/startup_stm32f103xb.o
EXTI0_IRQHandler                                  build/debug/startup_stm32f103xb.o
EXTI15_10_IRQHandler                              build/debug/startup_stm32f103xb.o
EXTI1_IRQHandler                                  build/debug/startup_stm32f103xb.o
EXTI2_IRQHandler                                  build/debug/startup_stm32f103xb.o
EXTI3_IRQHandler                                  build/debug/startup_stm32f103xb.o
EXTI4_IRQHandler                                  build/debug/startup_stm32f103xb.o
EXTI9_5_IRQHandler                                build/debug/startup_stm32f103xb.o
Error_Handler                                     build/debug/Core/Src/main.o
                                                  build/debug/Core/Src/usart.o
                                                  build/debug/Core/Src/i2c.o
FLASH_IRQHandler                                  build/debug/startup_stm32f103xb.o
FLASH_PageErase                                   build/debug/Drivers/STM32F1xx_HAL_Driver/Src/stm32f1xx_hal_flash_ex.o
                                                  build/debug/Drivers/STM32F1xx_HAL_Driver/Src/stm32f1xx_hal_flash.o
FLASH_WaitForLastOperation                        build/debug/Drivers/STM32F1xx_HAL_Driver/Src/stm32f1xx_hal_flash.o
                                                  build/debug/Drivers/STM32F1xx_HAL_Driver/Src/stm32f1xx_hal_flash_ex.o
HAL_DBGMCU_DisableDBGSleepMode                    build/debug/Drivers/STM32F1xx_HAL_Driver/Src/stm32f1xx_hal.o
HAL_DBGMCU_DisableDBGStandbyMode                  build/debug/Drivers/STM32F1xx_HAL_Driver/Src/stm32f1xx_hal.o
HAL_DBGMCU_DisableDBGStopMode                     build/debug/Drivers/STM32F1xx_HAL_Driver/Src/stm32f1xx_hal.o
HAL_DBGMCU_EnableDBGSleepMode                     build/debug/Drivers/STM32F1xx_HAL_Driver/Src/stm32f1xx_hal.o
HAL_DBGMCU_EnableDBGStandbyMode                   build/debug/Drivers/STM32F1xx_HAL_Driver/Src/stm32f1xx_hal.o
HAL_DBGMCU_EnableDBGStopMode                      build/debug/Drivers/STM32F1xx_HAL_Driver/Src/stm32f1xx_hal.o
HAL_DMA_Abort                                     build/debug/Drivers/STM32F1xx_HAL_Driver/Src/stm32f1xx_hal_dma.o
                                                  build/debug/Drivers/STM32F1xx_HAL_Driver/Src/stm32f1xx_hal_uart.o
HAL_DMA_Abort_IT                                  build/debug/Drivers/STM32F1xx_HAL_Driver/Src/stm32f1xx_hal_dma.o
                                                  build/debug/Drivers/STM32F1xx_HAL_Driver/Src/stm32f1xx_hal_uart.o
                                                  build/debug/Drivers/STM32F1xx_HAL_Driver/Src/stm32f1xx_hal_i2c.o
HAL_DMA_DeInit                                    build/debug/Drivers/STM32F1xx_HAL_Driver/Src/stm32f1xx_hal_dma.o
HAL_DMA_GetError                                  build/debug/Drivers/STM32F1xx_HAL_Driver/Src/stm32f1xx_hal_dma.o
                                                  build/debug/Drivers/STM32F1xx_HAL_Driver/Src/stm32f1xx_hal_uart.o
HAL_DMA_GetState                                  build/debug/Drivers/STM32F1xx_HAL_Driver/Src/stm32f1xx_hal_dma.o
                                                  build/debug/Drivers/STM32F1xx_HAL_Driver/Src/stm32f1xx_hal_i2c.o
HAL_DMA_IRQHandler                                build/debug/Drivers/STM32F1xx_HAL_Driver/Src/stm32f1xx_hal_dma.o
HAL_DMA_Init                                      build/debug/Drivers/STM32F1xx_HAL_Driver/Src/stm32f1xx_hal_dma.o
HAL_DMA_PollForTransfer                           build/debug/Drivers/STM32F1xx_HAL_Driver/Src/stm32f1xx_hal_dma.o
HAL_DMA_RegisterCallback                          build/debug/Drivers/STM32F1xx_HAL_Driver/Src/stm32f1xx_hal_dma.o
HAL_DMA_Start                                     build/debug/Drivers/STM32F1xx_HAL_Driver/Src/stm32f1xx_hal_dma.o
HAL_DMA_Start_IT                                  build/debug/Drivers/STM32F1xx_HAL_Driver/Src/stm32f1xx_hal_dma.o
                                                  build/debug/Drivers/STM32F1xx_HAL_Driver/Src/stm32f1xx_hal_uart.o
                                                  build/debug/Drivers/STM32F1xx_HAL_Driver/Src/stm32f1xx_hal_i2c.o
HAL_DMA_UnRegisterCallback                        build/debug/Drivers/STM32F1xx_HAL_Driver/Src/stm32f1xx_hal_dma.o
HAL_DeInit                                        build/debug/Drivers/STM32F1xx_HAL_Driver/Src/stm32f1xx_hal.o
HAL_Delay                                         build/debug/Drivers/STM32F1xx_HAL_Driver/Src/stm32f1xx_hal.o
                                                  build/debug/Core/Src/main.o
HAL_EXTI_ClearConfigLine                          build/debug/Drivers/STM32F1xx_HAL_Driver/Src/stm32f1xx_hal_exti.o
HAL_EXTI_ClearPending                             build/debug/Drivers/STM32F1xx_HAL_Driver/Src/stm32f1xx_hal_exti.o
HAL_EXTI_GenerateSWI                              build/debug/Drivers/STM32F1xx_HAL_Driver/Src/stm32f1xx_hal_exti.o
HAL_EXTI_GetConfigLine                            build/debug/Drivers/STM32F1xx_HAL_Driver/Src/stm32f1xx_hal_exti.o
HAL_EXTI_GetHandle                                build/debug/Drivers/STM32F1xx_HAL_Driver/Src/stm32f1xx_hal_exti.o
HAL_EXTI_GetPending                               build/debug/Drivers/STM32F1xx_HAL_Driver/Src/stm32f1xx_hal_exti.o
HAL_EXTI_IRQHandler                               build/debug/Drivers/STM32F1xx_HAL_Driver/Src/stm32f1xx_hal_exti.o
HAL_EXTI_RegisterCallback                         build/debug/Drivers/STM32F1xx_HAL_Driver/Src/stm32f1xx_hal_exti.o
HAL_EXTI_SetConfigLine                            build/debug/Drivers/STM32F1xx_HAL_Driver/Src/stm32f1xx_hal_exti.o
HAL_FLASHEx_Erase                                 build/debug/Drivers/STM32F1xx_HAL_Driver/Src/stm32f1xx_hal_flash_ex.o
HAL_FLASHEx_Erase_IT                              build/debug/Drivers/STM32F1xx_HAL_Driver/Src/stm32f1xx_hal_flash_ex.o
HAL_FLASHEx_OBErase                               build/debug/Drivers/STM32F1xx_HAL_Driver/Src/stm32f1xx_hal_flash_ex.o
HAL_FLASHEx_OBGetConfig                           build/debug/Drivers/STM32F1xx_HAL_Driver/Src/stm32f1xx_hal_flash_ex.o
HAL_FLASHEx_OBGetUserData                         build/debug/Drivers/STM32F1xx_HAL_Driver/Src/stm32f1xx_hal_flash_ex.o
HAL_FLASHEx_OBProgram                             build/debug/Drivers/STM32F1xx_HAL_Driver/Src/stm32f1xx_hal_flash_ex.o
HAL_FLASH_EndOfOperationCallback                  build/debug/Drivers/STM32F1xx_HAL_Driver/Src/stm32f1xx_hal_flash.o
HAL_FLASH_GetError                                build/debug/Drivers/STM32F1xx_HAL_Driver/Src/stm32f1xx_hal_flash.o
HAL_FLASH_IRQHandler                              build/debug/Drivers/STM32F1xx_HAL_Driver/Src/stm32f1xx_hal_flash.o
HAL_FLASH_Lock                                    build/debug/Drivers/STM32F1xx_HAL_Driver/Src/stm32f1xx_hal_flash.o
HAL_FLASH_OB_Launch                               build/debug/Drivers/STM32F1xx_HAL_Driver/Src/stm32f1xx_hal_flash.o
HAL_FLASH_OB_Lock                                 build/debug/Drivers/STM32F1xx_HAL_Driver/Src/stm32f1xx_hal_flash.o
HAL_FLASH_OB_Unlock                               build/debug/Drivers/STM32F1xx_HAL_Driver/Src/stm32f1xx_hal_flash.o
HAL_FLASH_OperationErrorCallback                  build/debug/Drivers/STM32F1xx_HAL_Driver/Src/stm32f1xx_hal_flash.o
HAL_FLASH_Program                                 build/debug/Drivers/STM32F1xx_HAL_Driver/Src/stm32f1xx_hal_flash.o
HAL_FLASH_Program_IT                              build/debug/Drivers/STM32F1xx_HAL_Driver/Src/stm32f1xx_hal_flash.o
HAL_FLASH_Unlock                                  build/debug/Drivers/STM32F1xx_HAL_Driver/Src/stm32f1xx_hal_flash.o
HAL_GPIOEx_ConfigEventout                         build/debug/Drivers/STM32F1xx_HAL_Driver/Src/stm32f1xx_hal_gpio_ex.o
HAL_GPIOEx_DisableEventout                        build/debug/Drivers/STM32F1xx_HAL_Driver/Src/stm32f1xx_hal_gpio_ex.o
HAL_GPIOEx_EnableEventout                         build/debug/Drivers/STM32F1xx_HAL_Driver/Src/stm32f1xx_hal_gpio_ex.o
HAL_GPIO_DeInit                                   build/debug/Drivers/STM32F1xx_HAL_Driver/Src/stm32f1xx_hal_gpio.o
                                                  build/debug/Core/Src/usart.o
                                                  build/debug/Core/Src/i2c.o
HAL_GPIO_EXTI_Callback                            build/debug/Drivers/STM32F1xx_HAL_Driver/Src/stm32f1xx_hal_gpio.o
HAL_GPIO_EXTI_IRQHandler                          build/debug/Drivers/STM32F1xx_HAL_Driver/Src/stm32f1xx_hal_gpio.o
HAL_GPIO_Init                                     build/debug/Drivers/STM32F1xx_HAL_Driver/Src/stm32f1xx_hal_gpio.o
                                                  build/debug/Drivers/STM32F1xx_HAL_Driver/Src/stm32f1xx_hal_rcc.o
                                                  build/debug/Core/Src/usart.o
                                                  build/debug/Core/Src/i2c.o
HAL_GPIO_LockPin                                  build/debug/Drivers/STM32F1xx_HAL_Driver/Src/stm32f1xx_hal_gpio.o
HAL_GPIO_ReadPin                                  build/debug/Drivers/STM32F1xx_HAL_Driver/Src/stm32f1xx_hal_gpio.o
HAL_GPIO_TogglePin                                build/debug/Drivers/STM32F1xx_HAL_Driver/Src/stm32f1xx_hal_gpio.o
HAL_GPIO_WritePin                                 build/debug/Drivers/STM32F1xx_HAL_Driver/Src/stm32f1xx_hal_gpio.o
HAL_GetDEVID                                      build/debug/Drivers/STM32F1xx_HAL_Driver/Src/stm32f1xx_hal.o
HAL_GetHalVersion                                 build/debug/Drivers/STM32F1xx_HAL_Driver/Src/stm32f1xx_hal.o
HAL_GetREVID                                      build/debug/Drivers/STM32F1xx_HAL_Driver/Src/stm32f1xx_hal.o
HAL_GetTick                                       build/debug/Drivers/STM32F1xx_HAL_Driver/Src/stm32f1xx_hal.o
                                                  build/debug/Drivers/STM32F1xx_HAL_Driver/Src/stm32f1xx_hal_uart.o
                                                  build/debug/Drivers/STM32F1xx_HAL_Driver/Src/stm32f1xx_hal_rcc_ex.o
                                                  build/debug/Drivers/STM32F1xx_HAL_Driver/Src/stm32f1xx_hal_rcc.o
                                                  build/debug/Drivers/STM32F1xx_HAL_Driver/Src/stm32f1xx_hal_i2c.o
                                                  build/debug/Drivers/STM32F1xx_HAL_Driver/Src/stm32f1xx_hal_flash.o
                                                  build/debug/Drivers/STM32F1xx_HAL_Driver/Src/stm32f1xx_hal_dma.o
HAL_GetTickFreq                                   build/debug/Drivers/STM32F1xx_HAL_Driver/Src/stm32f1xx_hal.o
HAL_GetTickPrio                                   build/debug/Drivers/STM32F1xx_HAL_Driver/Src/stm32f1xx_hal.o
HAL_GetUIDw0                                      build/debug/Drivers/STM32F1xx_HAL_Driver/Src/stm32f1xx_hal.o
HAL_GetUIDw1                                      build/debug/Drivers/STM32F1xx_HAL_Driver/Src/stm32f1xx_hal.o
HAL_GetUIDw2                                      build/debug/Drivers/STM32F1xx_HAL_Driver/Src/stm32f1xx_hal.o
HAL_HalfDuplex_EnableReceiver                     build/debug/Drivers/STM32F1xx_HAL_Driver/Src/stm32f1xx_hal_uart.o
HAL_HalfDuplex_EnableTransmitter                  build/debug/Drivers/STM32F1xx_HAL_Driver/Src/stm32f1xx_hal_uart.o
HAL_HalfDuplex_Init                               build/debug/Drivers/STM32F1xx_HAL_Driver/Src/stm32f1xx_hal_uart.o
HAL_I2C_AbortCpltCallback                         build/debug/Drivers/STM32F1xx_HAL_Driver/Src/stm32f1xx_hal_i2c.o
HAL_I2C_AddrCallback                              build/debug/Drivers/STM32F1xx_HAL_Driver/Src/stm32f1xx_hal_i2c.o
HAL_I2C_DeInit                                    build/debug/Drivers/STM32F1xx_HAL_Driver/Src/stm32f1xx_hal_i2c.o
HAL_I2C_DisableListen_IT                          build/debug/Drivers/STM32F1xx_HAL_Driver/Src/stm32f1xx_hal_i2c.o
HAL_I2C_ER_IRQHandler                             build/debug/Drivers/STM32F1xx_HAL_Driver/Src/stm32f1xx_hal_i2c.o
HAL_I2C_EV_IRQHandler                             build/debug/Drivers/STM32F1xx_HAL_Driver/Src/stm32f1xx_hal_i2c.o
HAL_I2C_EnableListen_IT                           build/debug/Drivers/STM32F1xx_HAL_Driver/Src/stm32f1xx_hal_i2c.o
HAL_I2C_ErrorCallback                             build/debug/Drivers/STM32F1xx_HAL_Driver/Src/stm32f1xx_hal_i2c.o
HAL_I2C_GetError                                  build/debug/Drivers/STM32F1xx_HAL_Driver/Src/stm32f1xx_hal_i2c.o
HAL_I2C_GetMode                                   build/debug/Drivers/STM32F1xx_HAL_Driver/Src/stm32f1xx_hal_i2c.o
HAL_I2C_GetState                                  build/debug/Drivers/STM32F1xx_HAL_Driver/Src/stm32f1xx_hal_i2c.o
HAL_I2C_Init                                      build/debug/Drivers/STM32F1xx_HAL_Driver/Src/stm32f1xx_hal_i2c.o
                                                  build/debug/Core/Src/i2c.o
HAL_I2C_IsDeviceReady                             build/debug/Drivers/STM32F1xx_HAL_Driver/Src/stm32f1xx_hal_i2c.o
HAL_I2C_ListenCpltCallback                        build/debug/Drivers/STM32F1xx_HAL_Driver/Src/stm32f1xx_hal_i2c.o
HAL_I2C_MasterRxCpltCallback                      build/debug/Drivers/STM32F1xx_HAL_Driver/Src/stm32f1xx_hal_i2c.o
HAL_I2C_MasterTxCpltCallback                      build/debug/Drivers/STM32F1xx_HAL_Driver/Src/stm32f1xx_hal_i2c.o
HAL_I2C_Master_Abort_IT                           build/debug/Drivers/STM32F1xx_HAL_Driver/Src/stm32f1xx_hal_i2c.o
HAL_I2C_Master_Receive                            build/debug/Drivers/STM32F1xx_HAL_Driver/Src/stm32f1xx_hal_i2c.o
HAL_I2C_Master_Receive_DMA                        build/debug/Drivers/STM32F1xx_HAL_Driver/Src/stm32f1xx_hal_i2c.o
HAL_I2C_Master_Receive_IT                         build/debug/Drivers/STM32F1xx_HAL_Driver/Src/stm32f1xx_hal_i2c.o
HAL_I2C_Master_Seq_Receive_DMA                    build/debug/Drivers/STM32F1xx_HAL_Driver/Src/stm32f1xx_hal_i2c.o
HAL_I2C_Master_Seq_Receive_IT                     build/debug/Drivers/STM32F1xx_HAL_Driver/Src/stm32f1xx_hal_i2c.o
HAL_I2C_Master_Seq_Transmit_DMA                   build/debug/Drivers/STM32F1xx_HAL_Driver/Src/stm32f1xx_hal_i2c.o
HAL_I2C_Master_Seq_Transmit_IT                    build/debug/Drivers/STM32F1xx_HAL_Driver/Src/stm32f1xx_hal_i2c.o
HAL_I2C_Master_Transmit                           build/debug/Drivers/STM32F1xx_HAL_Driver/Src/stm32f1xx_hal_i2c.o
HAL_I2C_Master_Transmit_DMA                       build/debug/Drivers/STM32F1xx_HAL_Driver/Src/stm32f1xx_hal_i2c.o
HAL_I2C_Master_Transmit_IT                        build/debug/Drivers/STM32F1xx_HAL_Driver/Src/stm32f1xx_hal_i2c.o
HAL_I2C_MemRxCpltCallback                         build/debug/Drivers/STM32F1xx_HAL_Driver/Src/stm32f1xx_hal_i2c.o
HAL_I2C_MemTxCpltCallback                         build/debug/Drivers/STM32F1xx_HAL_Driver/Src/stm32f1xx_hal_i2c.o
HAL_I2C_Mem_Read                                  build/debug/Drivers/STM32F1xx_HAL_Driver/Src/stm32f1xx_hal_i2c.o
                                                  build/debug/Core/Src/main.o
HAL_I2C_Mem_Read_DMA                              build/debug/Drivers/STM32F1xx_HAL_Driver/Src/stm32f1xx_hal_i2c.o
HAL_I2C_Mem_Read_IT                               build/debug/Drivers/STM32F1xx_HAL_Driver/Src/stm32f1xx_hal_i2c.o
HAL_I2C_Mem_Write                                 build/debug/Drivers/STM32F1xx_HAL_Driver/Src/stm32f1xx_hal_i2c.o
HAL_I2C_Mem_Write_DMA                             build/debug/Drivers/STM32F1xx_HAL_Driver/Src/stm32f1xx_hal_i2c.o
HAL_I2C_Mem_Write_IT                              build/debug/Drivers/STM32F1xx_HAL_Driver/Src/stm32f1xx_hal_i2c.o
HAL_I2C_MspDeInit                                 build/debug/Core/Src/i2c.o
HAL_I2C_MspInit                                   build/debug/Core/Src/i2c.o
HAL_I2C_SlaveRxCpltCallback                       build/debug/Drivers/STM32F1xx_HAL_Driver/Src/stm32f1xx_hal_i2c.o
HAL_I2C_SlaveTxCpltCallback                       build/debug/Drivers/STM32F1xx_HAL_Driver/Src/stm32f1xx_hal_i2c.o
HAL_I2C_Slave_Receive                             build/debug/Drivers/STM32F1xx_HAL_Driver/Src/stm32f1xx_hal_i2c.o
HAL_I2C_Slave_Receive_DMA                         build/debug/Drivers/STM32F1xx_HAL_Driver/Src/stm32f1xx_hal_i2c.o
HAL_I2C_Slave_Receive_IT                          build/debug/Drivers/STM32F1xx_HAL_Driver/Src/stm32f1xx_hal_i2c.o
HAL_I2C_Slave_Seq_Receive_DMA                     build/debug/Drivers/STM32F1xx_HAL_Driver/Src/stm32f1xx_hal_i2c.o
HAL_I2C_Slave_Seq_Receive_IT                      build/debug/Drivers/STM32F1xx_HAL_Driver/Src/stm32f1xx_hal_i2c.o
HAL_I2C_Slave_Seq_Transmit_DMA                    build/debug/Drivers/STM32F1xx_HAL_Driver/Src/stm32f1xx_hal_i2c.o
HAL_I2C_Slave_Seq_Transmit_IT                     build/debug/Drivers/STM32F1xx_HAL_Driver/Src/stm32f1xx_hal_i2c.o
HAL_I2C_Slave_Transmit                            build/debug/Drivers/STM32F1xx_HAL_Driver/Src/stm32f1xx_hal_i2c.o
HAL_I2C_Slave_Transmit_DMA                        build/debug/Drivers/STM32F1xx_HAL_Driver/Src/stm32f1xx_hal_i2c.o
HAL_I2C_Slave_Transmit_IT                         build/debug/Drivers/STM32F1xx_HAL_Driver/Src/stm32f1xx_hal_i2c.o
HAL_IncTick                                       build/debug/Drivers/STM32F1xx_HAL_Driver/Src/stm32f1xx_hal.o
                                                  build/debug/Core/Src/stm32f1xx_it.o
HAL_Init                                          build/debug/Drivers/STM32F1xx_HAL_Driver/Src/stm32f1xx_hal.o
                                                  build/debug/Core/Src/main.o
HAL_InitTick                                      build/debug/Drivers/STM32F1xx_HAL_Driver/Src/stm32f1xx_hal.o
                                                  build/debug/Drivers/STM32F1xx_HAL_Driver/Src/stm32f1xx_hal_rcc.o
HAL_LIN_Init                                      build/debug/Drivers/STM32F1xx_HAL_Driver/Src/stm32f1xx_hal_uart.o
HAL_LIN_SendBreak                                 build/debug/Drivers/STM32F1xx_HAL_Driver/Src/stm32f1xx_hal_uart.o
HAL_MspDeInit                                     build/debug/Drivers/STM32F1xx_HAL_Driver/Src/stm32f1xx_hal.o
HAL_MspInit                                       build/debug/Core/Src/stm32f1xx_hal_msp.o
HAL_MultiProcessor_EnterMuteMode                  build/debug/Drivers/STM32F1xx_HAL_Driver/Src/stm32f1xx_hal_uart.o
HAL_MultiProcessor_ExitMuteMode                   build/debug/Drivers/STM32F1xx_HAL_Driver/Src/stm32f1xx_hal_uart.o
HAL_MultiProcessor_Init                           build/debug/Drivers/STM32F1xx_HAL_Driver/Src/stm32f1xx_hal_uart.o
HAL_NVIC_ClearPendingIRQ                          build/debug/Drivers/STM32F1xx_HAL_Driver/Src/stm32f1xx_hal_cortex.o
HAL_NVIC_DisableIRQ                               build/debug/Drivers/STM32F1xx_HAL_Driver/Src/stm32f1xx_hal_cortex.o
HAL_NVIC_EnableIRQ                                build/debug/Drivers/STM32F1xx_HAL_Driver/Src/stm32f1xx_hal_cortex.o
HAL_NVIC_GetActive                                build/debug/Drivers/STM32F1xx_HAL_Driver/Src/stm32f1xx_hal_cortex.o
HAL_NVIC_GetPendingIRQ                            build/debug/Drivers/STM32F1xx_HAL_Driver/Src/stm32f1xx_hal_cortex.o
HAL_NVIC_GetPriority                              build/debug/Drivers/STM32F1xx_HAL_Driver/Src/stm32f1xx_hal_cortex.o
HAL_NVIC_GetPriorityGrouping                      build/debug/Drivers/STM32F1xx_HAL_Driver/Src/stm32f1xx_hal_cortex.o
HAL_NVIC_SetPendingIRQ                            build/debug/Drivers/STM32F1xx_HAL_Driver/Src/stm32f1xx_hal_cortex.o
HAL_NVIC_SetPriority                              build/debug/Drivers/STM32F1xx_HAL_Driver/Src/stm32f1xx_hal_cortex.o
                                                  build/debug/Drivers/STM32F1xx_HAL_Driver/Src/stm32f1xx_hal.o
HAL_NVIC_SetPriorityGrouping                      build/debug/Drivers/STM32F1xx_HAL_Driver/Src/stm32f1xx_hal_cortex.o
                                                  build/debug/Drivers/STM32F1xx_HAL_Driver/Src/stm32f1xx_hal.o
HAL_NVIC_SystemReset                              build/debug/Drivers/STM32F1xx_HAL_Driver/Src/stm32f1xx_hal_cortex.o
                                                  build/debug/Drivers/STM32F1xx_HAL_Driver/Src/stm32f1xx_hal_flash.o
HAL_PWR_ConfigPVD                                 build/debug/Drivers/STM32F1xx_HAL_Driver/Src/stm32f1xx_hal_pwr.o
HAL_PWR_DeInit                                    build/debug/Drivers/STM32F1xx_HAL_Driver/Src/stm32f1xx_hal_pwr.o
HAL_PWR_DisableBkUpAccess                         build/debug/Drivers/STM32F1xx_HAL_Driver/Src/stm32f1xx_hal_pwr.o
HAL_PWR_DisablePVD                                build/debug/Drivers/STM32F1xx_HAL_Driver/Src/stm32f1xx_hal_pwr.o
HAL_PWR_DisableSEVOnPend                          build/debug/Drivers/STM32F1xx_HAL_Driver/Src/stm32f1xx_hal_pwr.o
HAL_PWR_DisableSleepOnExit                        build/debug/Drivers/STM32F1xx_HAL_Driver/Src/stm32f1xx_hal_pwr.o
HAL_PWR_DisableWakeUpPin                          build/debug/Drivers/STM32F1xx_HAL_Driver/Src/stm32f1xx_hal_pwr.o
HAL_PWR_EnableBkUpAccess                          build/debug/Drivers/STM32F1xx_HAL_Driver/Src/stm32f1xx_hal_pwr.o
HAL_PWR_EnablePVD                                 build/debug/Drivers/STM32F1xx_HAL_Driver/Src/stm32f1xx_hal_pwr.o
HAL_PWR_EnableSEVOnPend                           build/debug/Drivers/STM32F1xx_HAL_Driver/Src/stm32f1xx_hal_pwr.o
HAL_PWR_EnableSleepOnExit                         build/debug/Drivers/STM32F1xx_HAL_Driver/Src/stm32f1xx_hal_pwr.o
HAL_PWR_EnableWakeUpPin                           build/debug/Drivers/STM32F1xx_HAL_Driver/Src/stm32f1xx_hal_pwr.o
HAL_PWR_EnterSLEEPMode                            build/debug/Drivers/STM32F1xx_HAL_Driver/Src/stm32f1xx_hal_pwr.o
HAL_PWR_EnterSTANDBYMode                          build/debug/Drivers/STM32F1xx_HAL_Driver/Src/stm32f1xx_hal_pwr.o
HAL_PWR_EnterSTOPMode                             build/debug/Drivers/STM32F1xx_HAL_Driver/Src/stm32f1xx_hal_pwr.o
HAL_PWR_PVDCallback                               build/debug/Drivers/STM32F1xx_HAL_Driver/Src/stm32f1xx_hal_pwr.o
HAL_PWR_PVD_IRQHandler                            build/debug/Drivers/STM32F1xx_HAL_Driver/Src/stm32f1xx_hal_pwr.o
HAL_RCCEx_GetPeriphCLKConfig                      build/debug/Drivers/STM32F1xx_HAL_Driver/Src/stm32f1xx_hal_rcc_ex.o
HAL_RCCEx_GetPeriphCLKFreq                        build/debug/Drivers/STM32F1xx_HAL_Driver/Src/stm32f1xx_hal_rcc_ex.o
HAL_RCCEx_PeriphCLKConfig                         build/debug/Drivers/STM32F1xx_HAL_Driver/Src/stm32f1xx_hal_rcc_ex.o
HAL_RCC_CSSCallback                               build/debug/Drivers/STM32F1xx_HAL_Driver/Src/stm32f1xx_hal_rcc.o
HAL_RCC_ClockConfig                               build/debug/Drivers/STM32F1xx_HAL_Driver/Src/stm32f1xx_hal_rcc.o
                                                  build/debug/Core/Src/main.o
HAL_RCC_DeInit                                    build/debug/Drivers/STM32F1xx_HAL_Driver/Src/stm32f1xx_hal_rcc.o
HAL_RCC_DisableCSS                                build/debug/Drivers/STM32F1xx_HAL_Driver/Src/stm32f1xx_hal_rcc.o
HAL_RCC_EnableCSS                                 build/debug/Drivers/STM32F1xx_HAL_Driver/Src/stm32f1xx_hal_rcc.o
HAL_RCC_GetClockConfig                            build/debug/Drivers/STM32F1xx_HAL_Driver/Src/stm32f1xx_hal_rcc.o
HAL_RCC_GetHCLKFreq                               build/debug/Drivers/STM32F1xx_HAL_Driver/Src/stm32f1xx_hal_rcc.o
HAL_RCC_GetOscConfig                              build/debug/Drivers/STM32F1xx_HAL_Driver/Src/stm32f1xx_hal_rcc.o
HAL_RCC_GetPCLK1Freq                              build/debug/Drivers/STM32F1xx_HAL_Driver/Src/stm32f1xx_hal_rcc.o
                                                  build/debug/Drivers/STM32F1xx_HAL_Driver/Src/stm32f1xx_hal_uart.o
                                                  build/debug/Drivers/STM32F1xx_HAL_Driver/Src/stm32f1xx_hal_i2c.o
HAL_RCC_GetPCLK2Freq                              build/debug/Drivers/STM32F1xx_HAL_Driver/Src/stm32f1xx_hal_rcc.o
                                                  build/debug/Drivers/STM32F1xx_HAL_Driver/Src/stm32f1xx_hal_uart.o
                                                  build/debug/Drivers/STM32F1xx_HAL_Driver/Src/stm32f1xx_hal_rcc_ex.o
HAL_RCC_GetSysClockFreq                           build/debug/Drivers/STM32F1xx_HAL_Driver/Src/stm32f1xx_hal_rcc.o
HAL_RCC_MCOConfig                                 build/debug/Drivers/STM32F1xx_HAL_Driver/Src/stm32f1xx_hal_rcc.o
HAL_RCC_NMI_IRQHandler                            build/debug/Drivers/STM32F1xx_HAL_Driver/Src/stm32f1xx_hal_rcc.o
HAL_RCC_OscConfig                                 build/debug/Drivers/STM32F1xx_HAL_Driver/Src/stm32f1xx_hal_rcc.o
                                                  build/debug/Core/Src/main.o
HAL_ResumeTick                                    build/debug/Drivers/STM32F1xx_HAL_Driver/Src/stm32f1xx_hal.o
HAL_SYSTICK_CLKSourceConfig                       build/debug/Drivers/STM32F1xx_HAL_Driver/Src/stm32f1xx_hal_cortex.o
HAL_SYSTICK_Callback                              build/debug/Drivers/STM32F1xx_HAL_Driver/Src/stm32f1xx_hal_cortex.o
HAL_SYSTICK_Config                                build/debug/Drivers/STM32F1xx_HAL_Driver/Src/stm32f1xx_hal_cortex.o
                                                  build/debug/Drivers/STM32F1xx_HAL_Driver/Src/stm32f1xx_hal.o
HAL_SYSTICK_IRQHandler                            build/debug/Drivers/STM32F1xx_HAL_Driver/Src/stm32f1xx_hal_cortex.o
HAL_SetTickFreq                                   build/debug/Drivers/STM32F1xx_HAL_Driver/Src/stm32f1xx_hal.o
HAL_SuspendTick                                   build/debug/Drivers/STM32F1xx_HAL_Driver/Src/stm32f1xx_hal.o
HAL_UARTEx_GetRxEventType                         build/debug/Drivers/STM32F1xx_HAL_Driver/Src/stm32f1xx_hal_uart.o
HAL_UARTEx_ReceiveToIdle                          build/debug/Drivers/STM32F1xx_HAL_Driver/Src/stm32f1xx_hal_uart.o
HAL_UARTEx_ReceiveToIdle_DMA                      build/debug/Drivers/STM32F1xx_HAL_Driver/Src/stm32f1xx_hal_uart.o
HAL_UARTEx_ReceiveToIdle_IT                       build/debug/Drivers/STM32F1xx_HAL_Driver/Src/stm32f1xx_hal_uart.o
HAL_UARTEx_RxEventCallback                        build/debug/Drivers/STM32F1xx_HAL_Driver/Src/stm32f1xx_hal_uart.o
HAL_UART_Abort                                    build/debug/Drivers/STM32F1xx_HAL_Driver/Src/stm32f1xx_hal_uart.o
HAL_UART_AbortCpltCallback                        build/debug/Drivers/STM32F1xx_HAL_Driver/Src/stm32f1xx_hal_uart.o
HAL_UART_AbortReceive                             build/debug/Drivers/STM32F1xx_HAL_Driver/Src/stm32f1xx_hal_uart.o
HAL_UART_AbortReceiveCpltCallback                 build/debug/Drivers/STM32F1xx_HAL_Driver/Src/stm32f1xx_hal_uart.o
HAL_UART_AbortReceive_IT                          build/debug/Drivers/STM32F1xx_HAL_Driver/Src/stm32f1xx_hal_uart.o
HAL_UART_AbortTransmit                            build/debug/Drivers/STM32F1xx_HAL_Driver/Src/stm32f1xx_hal_uart.o
HAL_UART_AbortTransmitCpltCallback                build/debug/Drivers/STM32F1xx_HAL_Driver/Src/stm32f1xx_hal_uart.o
HAL_UART_AbortTransmit_IT                         build/debug/Drivers/STM32F1xx_HAL_Driver/Src/stm32f1xx_hal_uart.o
HAL_UART_Abort_IT                                 build/debug/Drivers/STM32F1xx_HAL_Driver/Src/stm32f1xx_hal_uart.o
HAL_UART_DMAPause                                 build/debug/Drivers/STM32F1xx_HAL_Driver/Src/stm32f1xx_hal_uart.o
HAL_UART_DMAResume                                build/debug/Drivers/STM32F1xx_HAL_Driver/Src/stm32f1xx_hal_uart.o
HAL_UART_DMAStop                                  build/debug/Drivers/STM32F1xx_HAL_Driver/Src/stm32f1xx_hal_uart.o
HAL_UART_DeInit                                   build/debug/Drivers/STM32F1xx_HAL_Driver/Src/stm32f1xx_hal_uart.o
HAL_UART_ErrorCallback                            build/debug/Drivers/STM32F1xx_HAL_Driver/Src/stm32f1xx_hal_uart.o
HAL_UART_GetError                                 build/debug/Drivers/STM32F1xx_HAL_Driver/Src/stm32f1xx_hal_uart.o
HAL_UART_GetState                                 build/debug/Drivers/STM32F1xx_HAL_Driver/Src/stm32f1xx_hal_uart.o